2026-05-25 13:28:16,547 - INFO - Extracting: WI.pdf
2026-05-25 13:28:16,567 - INFO -   format: real PDF
2026-05-25 13:28:26,216 - INFO - SCOPE detected (early): ['MAG03D0424', 'MAG03D0425', 'MAG03D0426', 'MAG03D0427', 'MAG03D0428']
2026-05-25 13:28:28,370 - INFO - [PAGE_CLASSIFICATION] variant=MAG03D0424 spec_pages=[2, 19, 31, 32, 33, 34, 35, 36, 46, 47, 48, 50, 51, 52, 53, 60, 61] proc_pages=[31, 32, 33, 34, 35, 36, 37, 38]
2026-05-25 13:28:28,371 - INFO - MAG03D0424: spec_pages=4 variants=1
2026-05-25 13:28:28,373 - INFO - MAG03D0424: full table variants \u2192 ['MAG03D0424', 'MAG03D0425', 'MAG03D0426', 'MAG03D0427', 'MAG03D0428']
2026-05-25 13:28:28,374 - INFO - MAG03D0424: mapped variants from tables \u2192 ['MAG03D0424', 'MAG03D0425', 'MAG03D0426', 'MAG03D0427', 'MAG03D0428']
2026-05-25 13:28:28,374 - INFO - MAG03D0424: extracted 4 table grids
2026-05-25 13:28:28,374 - INFO -   vision specs chunk: 4 images, variants=['MAG03D0424']
2026-05-25 13:28:50,212 - INFO - MAG03D0424: raw spec response keys=['MAG03D0424']
2026-05-25 13:28:50,212 - INFO - MAG03D0424: raw spec payload={'MAG03D0424': {'ref_voltage': None, 'uv_range': None, 'uv_threshold_pct': None, 'ov_range': None, 'ov_threshold_pct': None, 'uv_hysteresis': None, 'ov_hysteresis': None, 'asymmetry': None, 'on_delay': None, 'off_delay': None, 'phase_fail': None, 'phase_reverse': None, 'neutral_fail': None, 'virtual_neutral': None, 'lv_cutoff': None, 'hv_cutoff': None, 'voltage_unit': None, 'led_indications': {}, 'dip_switches': [], 'notes': None}}
2026-05-25 13:28:50,212 - WARNING - MAG03D0424: specs incomplete — continuing procedure extraction
2026-05-25 13:28:50,212 - INFO -   vision procedure: MAG03D0424, 8 images
2026-05-25 13:30:21,738 - INFO - MAG03D0424: ALL extracted steps = [{'step_name': 'DIP S/W Change (Section A: UV Tests)', 'settings': ['1: OFF', '2: OFF', '3: OFF', '4: OFF', '5: ON'], 'voltages_pn': [], 'voltage_pp': [], 'leds': [], 'relay_status': None, 'on_delay': None, 'off_delay': None, 'section_break': True}, {'step_name': 'Healthy condition (UV non-symmetrical)', 'settings': ['UV = 8%', 'OV = 22%', 'DELAY = 3SEC'], 'voltages_pn': ['RN : 120', 'YN : 120', 'BN : 120'], 'voltage_pp': [], 'leds': ['PWR (GREEN LED) : ON', 'UV (RED LED) : OFF', 'OV (RED LED) : OFF', 'ASY (RED LED) : ON'], 'relay_status': 'ON', 'on_delay': '5 sec', 'off_delay': '-', 'section_break': False}, {'step_name': 'UV Healthy condition (non-symmetrical)', 'settings': ['UV = 8%', 'OV = 22%', 'DELAY = 3SEC'], 'voltages_pn': ['RN : 111.6', 'YN : 120', 'BN : 120'], 'voltage_pp': [], 'leds': ['PWR (GREEN LED) : ON', 'UV (RED LED) : OFF', 'OV (RED LED) : OFF', 'ASY (RED LED) : ON'], 'relay_status': 'ON', 'on_delay': '5 sec', 'off_delay': '-', 'section_break': False}, {'step_name': 'UV faulty condition with delay (non-symmetrical)', 'settings': ['UV = 8%', 'OV = 22%', 'DELAY = 3SEC'], 'voltages_pn': ['RN : 109.2', 'YN : 120', 'BN : 120'], 'voltage_pp': [], 'leds': ['PWR (GREEN LED) : ON', 'UV (RED LED) : ON', 'OV (RED LED) : OFF', 'ASY (RED LED) : OFF'], 'relay_status': 'OFF', 'on_delay': '-', 'off_delay': '3 sec', 'section_break': False}, {'step_name': 'UV hysteresis not recovery (non-symmetrical)', 'settings': ['UV = 8%', 'OV = 22%', 'DELAY = 3SEC'], 'voltages_pn': ['RN : 111.6', 'YN : 120', 'BN : 120'], 'voltage_pp': [], 'leds': ['PWR (GREEN LED) : ON', 'UV (RED LED) : ON', 'OV (RED LED) : OFF', 'ASY (RED LED) : OFF'], 'relay_status': 'OFF', 'on_delay': '-', 'off_delay': 'Continuous OFF', 'section_break': False}, {'step_name': 'UV hysteresis recovery (non-symmetrical)', 'settings': ['UV = 8%', 'OV = 22%', 'DELAY = 3SEC'], 'voltages_pn': ['RN : 112.8', 'YN : 120', 'BN : 120'], 'voltage_pp': [], 'leds': ['PWR (GREEN LED) : ON', 'UV (RED LED) : OFF', 'OV (RED LED) : OFF', 'ASY (RED LED) : ON'], 'relay_status': 'ON', 'on_delay': '5 sec', 'off_delay': '-', 'section_break': False}, {'step_name': 'Supply couple at 100 VAC', 'settings': [], 'voltages_pn': [], 'voltage_pp': [], 'leds': [], 'relay_status': None, 'on_delay': None, 'off_delay': None, 'section_break': True}, {'step_name': 'UV symmetrical Healthy', 'settings': ['UV = 22%', 'OV = 22%', 'DELAY = 15SEC'], 'voltages_pn': ['RN : 94.8', 'YN : 94.8', 'BN : 94.8'], 'voltage_pp': [], 'leds': ['PWR (GREEN LED) : ON', 'UV (RED LED) : OFF', 'OV (RED LED) : OFF', 'ASY (RED LED) : ON'], 'relay_status': 'ON', 'on_delay': '5 sec', 'off_delay': '-', 'section_break': False}, {'step_name': 'UV symmetrical faulty', 'settings': ['UV = 22%', 'OV = 22%', 'DELAY = 15SEC'], 'voltages_pn': ['RN : 92.4', 'YN : 92.4', 'BN : 92.4'], 'voltage_pp': [], 'leds': ['PWR (GREEN LED) : ON', 'UV (RED LED) : ON', 'OV (RED LED) : OFF', 'ASY (RED LED) : OFF'], 'relay_status': 'OFF', 'on_delay': '-', 'off_delay': '15 sec', 'section_break': False}, {'step_name': 'UV hysteresis not recovery (symmetrical)', 'settings': ['UV = 22%', 'OV = 22%', 'DELAY = 15SEC'], 'voltages_pn': ['RN : 94.8', 'YN : 94.8', 'BN : 94.8'], 'voltage_pp': [], 'leds': ['PWR (GREEN LED) : ON', 'UV (RED LED) : ON', 'OV (RED LED) : OFF', 'ASY (RED LED) : OFF'], 'relay_status': 'OFF', 'on_delay': '-', 'off_delay': 'Continuous OFF', 'section_break': False}, {'step_name': 'UV hysteresis recovery (symmetrical)', 'settings': ['UV = 22%', 'OV = 22%', 'DELAY = 15SEC'], 'voltages_pn': ['RN : 97.6', 'YN : 97.6', 'BN : 97.6'], 'voltage_pp': [], 'leds': ['PWR (GREEN LED) : ON', 'UV (RED LED) : OFF', 'OV (RED LED) : OFF', 'ASY (RED LED) : ON'], 'relay_status': 'ON', 'on_delay': '5 sec', 'off_delay': '-', 'section_break': False}, {'step_name': 'DIP S/W Change (Section B: OV Tests)', 'settings': ['1: ON', '2: ON', '3: ON', '4: OFF', '5: OFF'], 'voltages_pn': [], 'voltage_pp': [], 'leds': [], 'relay_status': None, 'on_delay': None, 'off_delay': None, 'section_break': True}, {'step_name': 'OV Healthy condition', 'settings': ['UV = 8%', 'OV = 22%', 'DELAY = 5SEC'], 'voltages_pn': ['RN : 291', 'YN : 291', 'BN : 291'], 'voltage_pp': [], 'leds': ['PWR (GREEN LED) : ON', 'UV (RED LED) : OFF', 'OV (RED LED) : OFF', 'ASY (RED LED) : ON'], 'relay_status': 'ON', 'on_delay': '5-7 sec', 'off_delay': '-', 'section_break': False}, {'step_name': 'OV faulty condition', 'settings': ['UV = 8%', 'OV = 22%', 'DELAY = 5SEC'], 'voltages_pn': ['RN : 297', 'YN : 291', 'BN : 291'], 'voltage_pp': [], 'leds': ['PWR (GREEN LED) : ON', 'UV (RED LED) : OFF', 'OV (RED LED) : ON', 'ASY (RED LED) : OFF'], 'relay_status': 'OFF', 'on_delay': '-', 'off_delay': '4-6 sec', 'section_break': False}, {'step_name': 'OV hysteresis not recovery', 'settings': ['UV = 8%', 'OV = 22%', 'DELAY = 5SEC'], 'voltages_pn': ['RN : 291', 'YN : 291', 'BN : 291'], 'voltage_pp': [], 'leds': ['PWR (GREEN LED) : ON', 'UV (RED LED) : OFF', 'OV (RED LED) : ON', 'ASY (RED LED) : OFF'], 'relay_status': 'OFF', 'on_delay': '-', 'off_delay': 'Continuous OFF', 'section_break': False}, {'step_name': 'OV hysteresis recovery', 'settings': ['UV = 8%', 'OV = 22%', 'DELAY = 5SEC'], 'voltages_pn': ['RN : 296', 'YN : 291', 'BN : 291'], 'voltage_pp': [], 'leds': ['PWR (GREEN LED) : ON', 'UV (RED LED) : OFF', 'OV (RED LED) : OFF', 'ASY (RED LED) : ON'], 'relay_status': 'ON', 'on_delay': '5-7 sec', 'off_delay': '-', 'section_break': True}, {'step_name': 'Run time DIP switch change error', 'settings': [], 'voltages_pn': [], 'voltage_pp': [], 'leds': [], 'relay_status': None, 'on_delay': None, 'off_delay': None, 'section_break': False}, {'step_name': 'DIP S/W Change (Run time error)', 'settings': ['1: ON', '2: OFF', '3: ON', '4: OFF', '5: OFF'], 'voltages_pn': ['RN : 296', 'YN : 291', 'BN : 291'], 'voltage_pp': [], 'leds': ['PWR (GREEN LED) : BLINK (200ms ON & 200ms OFF)', 'UV (RED LED) : BLINK (200ms ON & 200ms OFF)', 'OV (RED LED) : BLINK (200ms ON & 200ms OFF)', 'ASY (RED LED) : BLINK (200ms ON & 200ms OFF)'], 'relay_status': None, 'on_delay': None, 'off_delay': None, 'section_break': True}, {'step_name': 'Supply OFF change voltages as follows before supply ON', 'settings': [], 'voltages_pn': [], 'voltage_pp': [], 'leds': [], 'relay_status': None, 'on_delay': None, 'off_delay': None, 'section_break': True}, {'step_name': 'DIP S/W Change (Section C: Asymmetry Tests)', 'settings': ['1: ON', '2: ON', '3: ON', '4: OFF', '5: OFF'], 'voltages_pn': [], 'voltage_pp': [], 'leds': [], 'relay_status': None, 'on_delay': None, 'off_delay': None, 'section_break': True}, {'step_name': 'Healthy condition (Asymmetry)', 'settings': ['UV = 22%', 'OV = 22%', 'DELAY = 0SEC'], 'voltages_pn': ['RN : 240', 'YN : 240', 'BN : 240'], 'voltage_pp': [], 'leds': ['PWR (GREEN LED) : ON', 'UV (RED LED) : OFF', 'OV (RED LED) : OFF', 'ASY (RED LED) : ON'], 'relay_status': 'ON', 'on_delay': '5 sec', 'off_delay': '-', 'section_break': False}, {'step_name': 'Asymmetry healthy condition', 'settings': ['UV = 22%', 'OV = 22%', 'DELAY = 0SEC'], 'voltages_pn': ['RN : 216', 'YN : 240', 'BN : 240'], 'voltage_pp': [], 'leds': ['PWR (GREEN LED) : ON', 'UV (RED LED) : OFF', 'OV (RED LED) : OFF', 'ASY (RED LED) : SLOW BLINK (1s ON & 1s OFF)'], 'relay_status': 'ON', 'on_delay': '5 sec', 'off_delay': '-', 'section_break': False}, {'step_name': 'Asymmetry faulty condition', 'settings': ['UV = 22%', 'OV = 22%', 'DELAY = 0SEC'], 'voltages_pn': ['RN : 220.8', 'YN : 240', 'BN : 240'], 'voltage_pp': [], 'leds': ['PWR (GREEN LED) : ON', 'UV (RED LED) : OFF', 'OV (RED LED) : OFF', 'ASY (RED LED) : BLINK (1s ON & 1s OFF)'], 'relay_status': 'OFF', 'on_delay': '-', 'off_delay': '5 min', 'section_break': False}, {'step_name': 'Asymmetry not recovery', 'settings': ['UV = 22%', 'OV = 22%', 'DELAY = 0SEC'], 'voltages_pn': ['RN : 216', 'YN : 240', 'BN : 240'], 'voltage_pp': [], 'leds': ['PWR (GREEN LED) : ON', 'UV (RED LED) : OFF', 'OV (RED LED) : OFF', 'ASY (RED LED) : BLINK (1s ON & 1s OFF)'], 'relay_status': 'OFF', 'on_delay': '-', 'off_delay': 'Continuous OFF', 'section_break': False}, {'step_name': 'Asymmetry recovery', 'settings': ['UV = 22%', 'OV = 22%', 'DELAY = 0SEC'], 'voltages_pn': ['RN : 240', 'YN : 240', 'BN : 240'], 'voltage_pp': [], 'leds': ['PWR (GREEN LED) : ON', 'UV (RED LED) : OFF', 'OV (RED LED) : OFF', 'ASY (RED LED) : ON'], 'relay_status': 'ON', 'on_delay': '30 sec', 'off_delay': '-', 'section_break': True}, {'step_name': 'DIP S/W Change (Section D: Phase Fail/Reverse Tests)', 'settings': ['1: ON', '2: ON', '3: ON', '4: OFF', '5: OFF'], 'voltages_pn': [], 'voltage_pp': [], 'leds': [], 'relay_status': None, 'on_delay': None, 'off_delay': None, 'section_break': True}, {'step_name': 'Phase fail', 'settings': ['UV = 22%', 'OV = 22%', 'DELAY = 0SEC'], 'voltages_pn': ['RN : 0', 'YN : 240', 'BN : 240'], 'voltage_pp': [], 'leds': ['PWR (GREEN LED) : BLINK (1s ON & 1s OFF)', 'UV (RED LED) : BLINK (1s ON & 1s OFF)', 'OV (RED LED) : BLINK (1s ON & 1s OFF)', 'ASY (RED LED) : BLINK (1s ON & 1s OFF)'], 'relay_status': 'OFF', 'on_delay': '-', 'off_delay': 'Instant OFF', 'section_break': False}, {'step_name': 'Phase recovery', 'settings': ['UV = 22%', 'OV = 22%', 'DELAY = 0SEC'], 'voltages_pn': ['RN : 240', 'YN : 240', 'BN : 240'], 'voltage_pp': [], 'leds': ['PWR (GREEN LED) : ON', 'UV (RED LED) : OFF', 'OV (RED LED) : OFF', 'ASY (RED LED) : ON'], 'relay_status': 'ON', 'on_delay': 'Instant ON', 'off_delay': '-', 'section_break': True}, {'step_name': 'Phase reverse', 'settings': ['UV = 22%', 'OV = 22%', 'DELAY = 0SEC'], 'voltages_pn': ['RN : 240 (0 deg)', 'YN : 240 (240 deg)', 'BN : 240 (120 deg)'], 'voltage_pp': [], 'leds': ['PWR (GREEN LED) : ON', 'UV (RED LED) : OFF', 'OV (RED LED) : OFF', 'ASY (RED LED) : ON'], 'relay_status': 'OFF', 'on_delay': '-', 'off_delay': 'Instant OFF', 'section_break': False}, {'step_name': 'Phase reverse recovery', 'settings': ['UV = 22%', 'OV = 22%', 'DELAY = 0SEC'], 'voltages_pn': ['RN : 240 (0 deg)', 'YN : 240 (120 deg)', 'BN : 240 (240 deg)'], 'voltage_pp': [], 'leds': ['PWR (GREEN LED) : ON', 'UV (RED LED) : OFF', 'OV (RED LED) : OFF', 'ASY (RED LED) : ON'], 'relay_status': 'ON', 'on_delay': 'Instant ON', 'off_delay': '-', 'section_break': True}]
2026-05-25 13:30:21,742 - INFO - [EXTRACTION_RESULT] machine=MAG03D0424 variants=['MAG03D0424']
2026-05-25 13:30:21,742 - INFO - [VARIANT_SUMMARY] MAG03D0424 steps=30 flags=0 ref_voltage=None uv=None ov=None
2026-05-25 13:30:26,746 - WARNING -   MAG03D0424: 2 spec flag(s)
2026-05-25 13:30:26,746 - WARNING -     - missing voltage_unit
2026-05-25 13:30:26,746 - WARNING -     - no voltage ranges extracted
2026-05-25 13:30:26,746 - WARNING -   MAG03D0424 step 1: ['missing valid voltages_pn']
2026-05-25 13:30:26,750 - WARNING -   MAG03D0424 step 7: ['missing valid voltages_pn']
2026-05-25 13:30:26,750 - WARNING -   MAG03D0424 step 12: ['missing valid voltages_pn']
2026-05-25 13:30:26,750 - WARNING -   MAG03D0424 step 17: ['missing valid voltages_pn']
2026-05-25 13:30:26,750 - WARNING -   MAG03D0424 step 19: ['missing valid voltages_pn']
2026-05-25 13:30:26,750 - WARNING -   MAG03D0424 step 20: ['missing valid voltages_pn']
2026-05-25 13:30:26,750 - WARNING -   MAG03D0424 step 26: ['missing valid voltages_pn']
2026-05-25 13:30:26,751 - INFO - === _write_variant_sheet START: 30 steps ===
2026-05-25 13:30:26,751 - INFO -   Step 0: DIP S/W Change (Section A: UV Tests) | settings=5 | voltages=0 | leds=0
2026-05-25 13:30:26,751 - INFO -   Step 1: Healthy condition (UV non-symmmetrical) | settings=3 | voltages=3 | leds=4
2026-05-25 13:30:26,751 - INFO -   Step 2: UV Healthy condition (non-symmmetrical) | settings=3 | voltages=3 | leds=4
2026-05-25 13:30:26,751 - INFO -   Step 3: UV faulty condition with delay (non-symm | settings=3 | voltages=3 | leds=4
2026-05-25 13:30:26,751 - INFO -   Step 4: UV hystersis not recovery (non-symmmetri | settings=3 | voltages=3 | leds=4
2026-05-25 13:30:26,751 - INFO -   Step 5: UV hystersis recovery (non-symmmetrical) | settings=3 | voltages=3 | leds=4
2026-05-25 13:30:26,751 - INFO -   Step 6: Supply couple at 100 VAC | settings=0 | voltages=0 | leds=0
2026-05-25 13:30:26,751 - INFO -   Step 7: UV symmmetrical Healthy | settings=3 | voltages=3 | leds=4
2026-05-25 13:30:26,751 - INFO -   Step 8: UV symmmetrical faulty | settings=3 | voltages=3 | leds=4
2026-05-25 13:30:26,751 - INFO -   Step 9: UV hystersis not recovery (symmmetrical) | settings=3 | voltages=3 | leds=4
2026-05-25 13:30:26,751 - INFO -   Step 10: UV hystersis recovery (symmmetrical) | settings=3 | voltages=3 | leds=4
2026-05-25 13:30:26,751 - INFO -   Step 11: DIP S/W Change (Section B: OV Tests) | settings=5 | voltages=0 | leds=0
2026-05-25 13:30:26,751 - INFO -   Step 12: OV Healthy condition | settings=3 | voltages=3 | leds=4
2026-05-25 13:30:26,751 - INFO -   Step 13: OV faulty condition | settings=3 | voltages=3 | leds=4
2026-05-25 13:30:26,751 - INFO -   Step 14: OV hystersis not recovery | settings=3 | voltages=3 | leds=4
2026-05-25 13:30:26,751 - INFO -   Step 15: OV hystersis recovery | settings=3 | voltages=3 | leds=4
2026-05-25 13:30:26,751 - INFO -   Step 16: Run time DIP switch change error | settings=0 | voltages=0 | leds=0
2026-05-25 13:30:26,751 - INFO -   Step 17: DIP S/W Change (Run time error) | settings=5 | voltages=3 | leds=4
2026-05-25 13:30:26,751 - INFO -   Step 18: Supply OFF change voltages as follows be | settings=0 | voltages=0 | leds=0
2026-05-25 13:30:26,751 - INFO -   Step 19: DIP S/W Change (Section C: Asymmetry Tes | settings=5 | voltages=0 | leds=0
2026-05-25 13:30:26,751 - INFO -   Step 20: Healthy condition (Asymmetry) | settings=3 | voltages=3 | leds=4
2026-05-25 13:30:26,751 - INFO -   Step 21: Asymmetry healthy condition | settings=3 | voltages=3 | leds=4
2026-05-25 13:30:26,751 - INFO -   Step 22: Asymmetry faulty condition | settings=3 | voltages=3 | leds=4
2026-05-25 13:30:26,751 - INFO -   Step 23: Asymmetry not recovery | settings=3 | voltages=3 | leds=4
2026-05-25 13:30:26,751 - INFO -   Step 24: Asymmetry recovery | settings=3 | voltages=3 | leds=4
2026-05-25 13:30:26,751 - INFO -   Step 25: DIP S/W Change (Section D: Phase Fail/Re | settings=5 | voltages=0 | leds=0
2026-05-25 13:30:26,751 - INFO -   Step 26: Phase fail | settings=3 | voltages=3 | leds=4
2026-05-25 13:30:26,751 - INFO -   Step 27: Phase recovery | settings=3 | voltages=3 | leds=4
2026-05-25 13:30:26,751 - INFO -   Step 28: Phase reverse | settings=3 | voltages=3 | leds=4
2026-05-25 13:30:26,751 - INFO -   Step 29: Phase reverse recovery | settings=3 | voltages=3 | leds=4
2026-05-25 13:30:26,752 - INFO - _write_step: Healthy condition (UV non-symmmetrical) has 3 settings
2026-05-25 13:30:26,752 - INFO - _write_step: UV Healthy condition (non-symmmetrical) has 3 settings
2026-05-25 13:30:26,753 - INFO - _write_step: UV faulty condition with delay (non-symm has 3 settings
2026-05-25 13:30:26,753 - INFO - _write_step: UV hystersis not recovery (non-symmmetri has 3 settings
2026-05-25 13:30:26,754 - INFO - _write_step: UV hystersis recovery (non-symmmetrical) has 3 settings
2026-05-25 13:30:26,754 - INFO - _write_step: UV symmmetrical Healthy has 3 settings
2026-05-25 13:30:26,754 - INFO - _write_step: UV symmmetrical faulty has 3 settings
2026-05-25 13:30:26,755 - INFO - _write_step: UV hystersis not recovery (symmmetrical) has 3 settings
2026-05-25 13:30:26,755 - INFO - _write_step: UV hystersis recovery (symmmetrical) has 3 settings
2026-05-25 13:30:26,755 - INFO - _write_step: OV Healthy condition has 3 settings
2026-05-25 13:30:26,756 - INFO - _write_step: OV faulty condition has 3 settings
2026-05-25 13:30:26,756 - INFO - _write_step: OV hystersis not recovery has 3 settings
2026-05-25 13:30:26,757 - INFO - _write_step: OV hystersis recovery has 3 settings
2026-05-25 13:30:26,757 - INFO - _write_step: Run time DIP switch change error has 0 settings
2026-05-25 13:30:26,758 - INFO - _write_step: Healthy condition (Asymmetry) has 3 settings
2026-05-25 13:30:26,758 - INFO - _write_step: Asymmetry healthy condition has 3 settings
2026-05-25 13:30:26,758 - INFO - _write_step: Asymmetry faulty condition has 3 settings
2026-05-25 13:30:26,758 - INFO - _write_step: Asymmetry not recovery has 3 settings
2026-05-25 13:30:26,759 - INFO - _write_step: Asymmetry recovery has 3 settings
2026-05-25 13:30:26,759 - INFO - _write_step: Phase fail has 3 settings
2026-05-25 13:30:26,759 - INFO - _write_step: Phase recovery has 3 settings
2026-05-25 13:30:26,760 - INFO - _write_step: Phase reverse has 3 settings
2026-05-25 13:30:26,760 - INFO - _write_step: Phase reverse recovery has 3 settings
2026-05-25 13:30:26,761 - INFO -   wrote MAG03D0424: layout=A

--- MAG03D0424 ---
  MAG03D0424: steps=30, usable=True
    step 1: "DIP S/W Change (Section A: UV Tests)" voltages=[] leds=[]
    step 2: "Healthy condition (UV non-symmmetrical)" voltages=['RN : 120', 'YN : 120', 'BN : 120'] leds=['PWR (GREEN LED) : ON', 'UV (RED LED) : OFF']
    step 3: "UV Healthy condition (non-symmmetrical)" voltages=['RN : 111.6', 'YN : 120', 'BN : 120'] leds=['PWR (GREEN LED) : ON', 'UV (RED LED) : OFF']
    step 4: "UV faulty condition with delay (non-symmmetrical)" voltages=['RN : 109.2', 'YN : 120', 'BN : 120'] leds=['PWR (GREEN LED) : ON', 'UV (RED LED) : ON']
    step 5: "UV hystersis not recovery (non-symmmetrical)" voltages=['RN : 111.6', 'YN : 120', 'BN : 120'] leds=['PWR (GREEN LED) : ON', 'UV (RED LED) : ON']
    wrote v5test_MAG03D0424.xlsx

DONE
