2026-06-05 15:08:28,595 - INFO - ============================================================
2026-06-05 15:08:28,595 - INFO - SESSION 9 BASELINE RUN — MAG03D0424
2026-06-05 15:08:28,595 - INFO - Started: 2026-06-05T15:08:28.595238
2026-06-05 15:08:28,595 - INFO - ============================================================
2026-06-05 15:08:28,595 - INFO - Loading PDF...
2026-06-05 15:08:28,595 - INFO - Extracting: WI.pdf
2026-06-05 15:08:28,595 - INFO -   format: real PDF
2026-06-05 15:08:39,051 - INFO - Loaded 62 pages
2026-06-05 15:08:39,052 - INFO - Segmenting blocks...
2026-06-05 15:08:39,052 - INFO - SCOPE detected (early): ['MAG03D0424', 'MAG03D0425', 'MAG03D0426', 'MAG03D0427', 'MAG03D0428']
2026-06-05 15:08:39,052 - INFO - Segmented into 5 blocks:
2026-06-05 15:08:51,115 - INFO - ============================================================
2026-06-05 15:08:51,115 - INFO - SESSION 9 BASELINE RUN — MAG03D0424
2026-06-05 15:08:51,115 - INFO - Started: 2026-06-05T15:08:51.115335
2026-06-05 15:08:51,117 - INFO - ============================================================
2026-06-05 15:08:51,117 - INFO - Loading PDF...
2026-06-05 15:08:51,117 - INFO - Extracting: WI.pdf
2026-06-05 15:08:51,117 - INFO -   format: real PDF
2026-06-05 15:09:01,433 - INFO - Loaded 62 pages
2026-06-05 15:09:01,433 - INFO - Segmenting blocks...
2026-06-05 15:09:01,433 - INFO - SCOPE detected (early): ['MAG03D0424', 'MAG03D0425', 'MAG03D0426', 'MAG03D0427', 'MAG03D0428']
2026-06-05 15:09:01,433 - INFO - Segmented into 5 blocks:
2026-06-05 15:09:01,433 - INFO -   MAG03D0424: page_range=[1, 2, 3, 4, 5, 6, 7, 8, 9, 10, 11, 12, 13, 14, 15, 16, 17, 18, 19, 20, 21, 22, 23, 24, 25, 26, 27, 28, 29, 30, 31, 32, 33, 34, 35, 36, 37, 38, 39, 40, 41, 42, 43, 44, 45, 46, 47, 48, 49, 50, 51, 52, 53, 54, 55, 56, 57, 58, 59, 60, 61, 62]
2026-06-05 15:09:01,433 - INFO -   MAG03D0425: page_range=[1, 2, 3, 4, 5, 6, 7, 8, 9, 10, 11, 12, 13, 14, 15, 16, 17, 18, 19, 20, 21, 22, 23, 24, 25, 26, 27, 28, 29, 30, 31, 32, 33, 34, 35, 36, 37, 38, 39, 40, 41, 42, 43, 44, 45, 46, 47, 48, 49, 50, 51, 52, 53, 54, 55, 56, 57, 58, 59, 60, 61, 62]
2026-06-05 15:09:01,433 - INFO -   MAG03D0426: page_range=[1, 2, 3, 4, 5, 6, 7, 8, 9, 10, 11, 12, 13, 14, 15, 16, 17, 18, 19, 20, 21, 22, 23, 24, 25, 26, 27, 28, 29, 30, 31, 32, 33, 34, 35, 36, 37, 38, 39, 40, 41, 42, 43, 44, 45, 46, 47, 48, 49, 50, 51, 52, 53, 54, 55, 56, 57, 58, 59, 60, 61, 62]
2026-06-05 15:09:01,433 - INFO -   MAG03D0427: page_range=[1, 2, 3, 4, 5, 6, 7, 8, 9, 10, 11, 12, 13, 14, 15, 16, 17, 18, 19, 20, 21, 22, 23, 24, 25, 26, 27, 28, 29, 30, 31, 32, 33, 34, 35, 36, 37, 38, 39, 40, 41, 42, 43, 44, 45, 46, 47, 48, 49, 50, 51, 52, 53, 54, 55, 56, 57, 58, 59, 60, 61, 62]
2026-06-05 15:09:01,433 - INFO -   MAG03D0428: page_range=[1, 2, 3, 4, 5, 6, 7, 8, 9, 10, 11, 12, 13, 14, 15, 16, 17, 18, 19, 20, 21, 22, 23, 24, 25, 26, 27, 28, 29, 30, 31, 32, 33, 34, 35, 36, 37, 38, 39, 40, 41, 42, 43, 44, 45, 46, 47, 48, 49, 50, 51, 52, 53, 54, 55, 56, 57, 58, 59, 60, 61, 62]
2026-06-05 15:09:01,433 - INFO - Extracting MAG03D0424...
2026-06-05 15:09:02,233 - INFO - MAG03D0424: stopping page collection at page 34 because it belongs to another variant procedure
2026-06-05 15:09:02,233 - INFO - [PAGE_CLASSIFICATION] variant=MAG03D0424 spec_pages=[2, 19, 31, 32, 33, 34, 35, 36, 46, 47, 48, 50, 51, 52, 53, 60, 61] proc_pages=[31, 32, 33]
2026-06-05 15:09:02,248 - INFO - MAG03D0424: spec_pages=4 variants=1
2026-06-05 15:09:02,249 - INFO - MAG03D0424: full table variants -> ['MAG03D0424', 'MAG03D0425', 'MAG03D0426', 'MAG03D0427', 'MAG03D0428']
2026-06-05 15:09:02,249 - INFO - MAG03D0424: mapped variants from tables -> ['MAG03D0424', 'MAG03D0425', 'MAG03D0426', 'MAG03D0427', 'MAG03D0428']
2026-06-05 15:09:02,249 - INFO - MAG03D0424: extracted 4 table grids
2026-06-05 15:09:02,249 - INFO -   vision specs chunk: 4 images, variants=['MAG03D0424']
2026-06-05 15:09:26,471 - INFO - MAG03D0424: raw spec response keys=['MAG03D0424']
2026-06-05 15:09:26,471 - INFO - MAG03D0424: raw spec payload={'MAG03D0424': {'ref_voltage': None, 'uv_range': None, 'uv_threshold_pct': None, 'ov_range': None, 'ov_threshold_pct': None, 'uv_hysteresis': None, 'ov_hysteresis': None, 'asymmetry': None, 'on_delay': None, 'off_delay': None, 'phase_fail': None, 'phase_reverse': None, 'neutral_fail': None, 'virtual_neutral': None, 'lv_cutoff': None, 'hv_cutoff': None, 'voltage_unit': None, 'led_indications': {}, 'dip_switches': [], 'notes': None}}
2026-06-05 15:09:26,471 - WARNING - MAG03D0424: specs incomplete — continuing procedure extraction
2026-06-05 15:09:26,471 - INFO -   vision procedure: MAG03D0424, 6 images
2026-06-05 15:10:40,262 - INFO - MAG03D0424: ALL extracted steps = [{'step_name': 'DIP S/W Change', 'settings': ['1 : OFF', '2 : OFF', '3 : OFF', '4 : OFF', '5 : ON'], 'voltages_pn': [], 'voltage_pp': [], 'leds': [], 'relay_status': None, 'on_delay': None, 'off_delay': None, 'section_break': True}, {'step_name': 'healthy condition', 'settings': ['UV = 8%', 'OV = 22%', 'DELAY = 3SEC'], 'voltages_pn': ['RN : 120', 'YN : 120', 'BN : 120'], 'voltage_pp': [], 'leds': ['PWR (GREEN LED) : ON', 'UV (RED LED) : OFF', 'OV (RED LED) : OFF', 'ASY (RED LED): OFF'], 'relay_status': 'ON', 'on_delay': '4-6 sec', 'off_delay': '-', 'section_break': False}, {'step_name': 'UV Healthy condition', 'settings': ['UV = 8%', 'OV = 22%', 'DELAY = 3SEC'], 'voltages_pn': ['RN : 111.6', 'YN : 120', 'BN : 120'], 'voltage_pp': [], 'leds': ['PWR (GREEN LED) : ON', 'UV (RED LED) : OFF', 'OV (RED LED) : OFF', 'ASY (RED LED): OFF'], 'relay_status': 'ON', 'on_delay': 'Continuous ON', 'off_delay': '-', 'section_break': False}, {'step_name': 'UV faulty condition with delay', 'settings': ['UV = 8%', 'OV = 22%', 'DELAY = 3SEC'], 'voltages_pn': ['RN : 109.2', 'YN : 120', 'BN : 120'], 'voltage_pp': [], 'leds': ['PWR (GREEN LED) : ON', 'UV (RED LED) : ON', 'OV (RED LED) : OFF', 'ASY (RED LED): OFF'], 'relay_status': 'OFF in 2-4 sec', 'on_delay': '-', 'off_delay': '2-4 sec', 'section_break': False}, {'step_name': 'UV hystersis not recovery', 'settings': ['UV = 8%', 'OV = 22%', 'DELAY = 3SEC'], 'voltages_pn': ['RN : 110.4', 'YN : 120', 'BN : 120'], 'voltage_pp': [], 'leds': ['PWR (GREEN LED) : ON', 'UV (RED LED) : ON', 'OV (RED LED) : OFF', 'ASY (RED LED): OFF'], 'relay_status': 'OFF ', 'on_delay': '-', 'off_delay': 'Continuous OFF', 'section_break': False}, {'step_name': 'UV hystersis recovery', 'settings': ['UV = 8%', 'OV = 22%', 'DELAY = 3SEC'], 'voltages_pn': ['RN : 114.0', 'YN : 120', 'BN : 120'], 'voltage_pp': [], 'leds': ['PWR (GREEN LED) : ON', 'UV (RED LED) : OFF', 'OV (RED LED) : OFF', 'ASY (RED LED): OFF'], 'relay_status': 'ON', 'on_delay': '4-6 sec', 'off_delay': None, 'section_break': False}, {'step_name': 'Supply couple at 100 VAC', 'settings': [], 'voltages_pn': [], 'voltage_pp': [], 'leds': [], 'relay_status': None, 'on_delay': None, 'off_delay': None, 'section_break': True}, {'step_name': 'UV symmmetrical Healthy', 'settings': ['UV = 22%', 'OV = 22%', 'DELAY = 15SEC'], 'voltages_pn': ['RN : 94.8', 'YN : 94.8', 'BN : 94.8'], 'voltage_pp': [], 'leds': ['PWR (GREEN LED) : ON', 'UV (RED LED) : OFF', 'OV (RED LED) : OFF', 'ASY (RED LED): OFF'], 'relay_status': 'ON', 'on_delay': 'Continuous ON', 'off_delay': '-', 'section_break': False}, {'step_name': 'UV symmmetrical faulty', 'settings': ['UV = 22%', 'OV = 22%', 'DELAY = 15SEC'], 'voltages_pn': ['RN : 92.4', 'YN : 92.4', 'BN : 92.4'], 'voltage_pp': [], 'leds': ['PWR (GREEN LED) : ON', 'UV (RED LED) : ON', 'OV (RED LED) : OFF', 'ASY (RED LED): OFF'], 'relay_status': 'OFF in 14-16 sec', 'on_delay': '-', 'off_delay': '14-16 sec', 'section_break': False}, {'step_name': 'UV hystersis not recovery', 'settings': ['UV = 22%', 'OV = 22%', 'DELAY = 15SEC'], 'voltages_pn': ['RN : 93.6', 'YN : 93.6', 'BN : 93.6'], 'voltage_pp': [], 'leds': ['PWR (GREEN LED) : ON', 'UV (RED LED) : ON', 'OV (RED LED) : OFF', 'ASY (RED LED): OFF'], 'relay_status': 'OFF ', 'on_delay': '-', 'off_delay': 'Continuous OFF', 'section_break': False}, {'step_name': 'UV hystersis recovery', 'settings': ['UV = 22%', 'OV = 22%', 'DELAY = 15SEC'], 'voltages_pn': ['RN : 97.2', 'YN : 97.2', 'BN : 97.2'], 'voltage_pp': [], 'leds': ['PWR (GREEN LED) : ON', 'UV (RED LED) : OFF', 'OV (RED LED) : OFF', 'ASY (RED LED): OFF'], 'relay_status': 'ON', 'on_delay': '14-16 sec', 'off_delay': None, 'section_break': False}, {'step_name': 'DIP S/W Change', 'settings': ['1 : ON', '2 : ON', '3 : ON', '4 : ON', '5 : OFF'], 'voltages_pn': [], 'voltage_pp': [], 'leds': [], 'relay_status': None, 'on_delay': None, 'off_delay': None, 'section_break': True}, {'step_name': 'OV Healthy condition', 'settings': ['UV = 8%', 'OV = 22%', 'DELAY = 5SEC'], 'voltages_pn': ['RN : 291', 'YN : 277', 'BN : 277'], 'voltage_pp': ['RY : 504', 'YB : 480', 'BR : 480'], 'leds': ['PWR (GREEN LED) : ON', 'UV (RED LED) : OFF', 'OV (RED LED) : OFF', 'ASY (RED LED): OFF'], 'relay_status': 'ON', 'on_delay': '5-7 sec', 'off_delay': '-', 'section_break': False}, {'step_name': 'OV faulty condition', 'settings': ['UV = 8%', 'OV = 22%', 'DELAY = 5SEC'], 'voltages_pn': ['RN : 301.9', 'YN : 277', 'BN : 277'], 'voltage_pp': ['RY : 523.2', 'YB : 480', 'BR : 480'], 'leds': ['PWR (GREEN LED) : ON', 'UV (RED LED) : OFF', 'OV (RED LED) : ON', 'ASY (RED LED): OFF'], 'relay_status': 'OFF in 4-6sec', 'on_delay': '-', 'off_delay': '4-6sec', 'section_break': False}, {'step_name': 'OV hystersis not recovery', 'settings': ['UV = 8%', 'OV = 22%', 'DELAY = 5SEC'], 'voltages_pn': ['RN : 299.1', 'YN : 277', 'BN : 277'], 'voltage_pp': ['RY : 518.4', 'YB : 480', 'BR : 480'], 'leds': ['PWR (GREEN LED) : ON', 'UV (RED LED) : OFF', 'OV (RED LED) : ON', 'ASY (RED LED): OFF'], 'relay_status': 'OFF ', 'on_delay': '-', 'off_delay': 'Continuous OFF', 'section_break': False}, {'step_name': 'OV hystersis recovery', 'settings': ['UV = 8%', 'OV = 22%', 'DELAY = 5SEC'], 'voltages_pn': ['RN : 296.2', 'YN : 277', 'BN : 277'], 'voltage_pp': ['RY : 513.6', 'YB : 480', 'BR : 480'], 'leds': ['PWR (GREEN LED) : ON', 'UV (RED LED) : OFF', 'OV (RED LED) : OFF', 'ASY (RED LED): OFF'], 'relay_status': 'ON', 'on_delay': '5-7 sec', 'off_delay': None, 'section_break': True}, {'step_name': 'Run time DIP switch change error', 'settings': [], 'voltages_pn': [], 'voltage_pp': [], 'leds': [], 'relay_status': None, 'on_delay': None, 'off_delay': None, 'section_break': False}, {'step_name': 'DIP S/W Change', 'settings': ['1 : ON', '2 : ON', '3 : ON', '4 : ON', '5 : ON'], 'voltages_pn': ['RN : 296.2', 'YN : 277', 'BN : 277'], 'voltage_pp': ['RY : 513.6', 'YB : 480', 'BR : 480'], 'leds': ['PWR (GREEN LED) : ON', 'UV (RED LED) : OFF', 'OV (RED LED) : OFF', 'ASY (RED LED): OFF'], 'relay_status': 'ON', 'on_delay': '5-7 sec', 'off_delay': None, 'section_break': True}, {'step_name': 'Supply OFF change voltages as follows before supply ON', 'settings': [], 'voltages_pn': [], 'voltage_pp': [], 'leds': [], 'relay_status': None, 'on_delay': None, 'off_delay': None, 'section_break': True}, {'step_name': 'Healthy condition', 'settings': ['UV = 22%', 'OV = 22%', 'DELAY = 0SEC'], 'voltages_pn': ['RN : 240', 'YN : 240', 'BN : 240'], 'voltage_pp': [], 'leds': ['PWR (GREEN LED) : ON', 'UV (RED LED) : OFF', 'OV (RED LED) : OFF', 'ASY (RED LED): OFF'], 'relay_status': 'ON', 'on_delay': 'Instant ON', 'off_delay': None, 'section_break': False}, {'step_name': 'Asymmetry healthy condition', 'settings': ['UV = 22%', 'OV = 22%', 'DELAY = 0SEC'], 'voltages_pn': ['RN : 220.0', 'YN : 240', 'BN : 240'], 'voltage_pp': [], 'leds': ['PWR (GREEN LED) : ON', 'UV (RED LED) : OFF', 'OV (RED LED) : OFF', 'ASY (RED LED): OFF'], 'relay_status': 'ON', 'on_delay': 'Continuous ON', 'off_delay': None, 'section_break': False}, {'step_name': 'Asymmetry faulty condition', 'settings': ['UV = 22%', 'OV = 22%', 'DELAY = 0SEC'], 'voltages_pn': ['RN : 218.4', 'YN : 240', 'BN : 240'], 'voltage_pp': [], 'leds': ['PWR (GREEN LED) : ON', 'UV (RED LED) : OFF', 'OV (RED LED) : OFF', 'ASY (RED LED): Slow Blink (1s ON & 1s OFF)'], 'relay_status': 'OFF IN 4-6 SEC', 'on_delay': None, 'off_delay': 'OFF IN 4-6 SEC', 'section_break': False}, {'step_name': 'Asymmetry not recovery', 'settings': ['UV = 22%', 'OV = 22%', 'DELAY = 0SEC'], 'voltages_pn': ['RN : 216.0', 'YN : 240', 'BN : 240'], 'voltage_pp': [], 'leds': ['PWR (GREEN LED) : ON', 'UV (RED LED) : OFF', 'OV (RED LED) : OFF', 'ASY (RED LED): Slow Blink (1s ON & 1s OFF)'], 'relay_status': 'OFF', 'on_delay': None, 'off_delay': 'Continuous OFF', 'section_break': False}, {'step_name': 'Asymmetry recovery', 'settings': ['UV = 22%', 'OV = 22%', 'DELAY = 0SEC'], 'voltages_pn': ['RN : 220.0', 'YN : 240', 'BN : 240'], 'voltage_pp': [], 'leds': ['PWR (GREEN LED) : ON', 'UV (RED LED) : OFF', 'OV (RED LED) : OFF', 'ASY (RED LED): OFF'], 'relay_status': 'ON', 'on_delay': 'Instant ON', 'off_delay': None, 'section_break': True}, {'step_name': 'Phase fail', 'settings': ['UV = 22%', 'OV = 22%', 'DELAY = 0SEC'], 'voltages_pn': ['RN : 0', 'YN : 240', 'BN : 240'], 'voltage_pp': [], 'leds': ['PWR (GREEN LED) : ON', 'UV (RED LED) : OFF', 'OV (RED LED) : Fast Blink (200ms ON & 200ms OFF)', 'ASY (RED LED): Fast Blink (200ms ON & 200ms OFF)'], 'relay_status': 'Instant OFF', 'on_delay': None, 'off_delay': 'Instant OFF', 'section_break': False}, {'step_name': 'Phase recovery', 'settings': ['UV = 22%', 'OV = 22%', 'DELAY = 0SEC'], 'voltages_pn': ['RN : 240', 'YN : 240', 'BN : 240'], 'voltage_pp': [], 'leds': ['PWR (GREEN LED) : ON', 'UV (RED LED) : OFF', 'OV (RED LED) : OFF', 'ASY (RED LED): OFF'], 'relay_status': 'Instant ON', 'on_delay': 'Instant ON', 'off_delay': None, 'section_break': True}, {'step_name': 'Phase reverse', 'settings': ['UV = 22%', 'OV = 22%', 'DELAY = 0SEC'], 'voltages_pn': ['RN : 240', 'YN : 240', 'BN : 240', '(change phase angle)'], 'voltage_pp': [], 'leds': ['PWR (GREEN LED) : ON', 'UV (RED LED) : OFF', 'OV (RED LED) : OFF', 'ASY (RED LED): ON'], 'relay_status': 'Instant OFF', 'on_delay': None, 'off_delay': 'Instant OFF', 'section_break': False}, {'step_name': 'Phase reverse recovery', 'settings': ['UV = 22%', 'OV = 22%', 'DELAY = 0SEC'], 'voltages_pn': ['RN : 240', 'YN : 240', 'BN : 240', '(recover phase angle)'], 'voltage_pp': [], 'leds': ['PWR (GREEN LED) : ON', 'UV (RED LED) : OFF', 'OV (RED LED) : OFF', 'ASY (RED LED): OFF'], 'relay_status': 'Instant ON', 'on_delay': 'Instant ON', 'off_delay': None, 'section_break': False}]
2026-06-05 15:10:40,267 - INFO -   Section C/D nominal from OCR: 240.0V Ph-N
2026-06-05 15:10:40,267 - INFO -   Section A nominal detected: 120.0V Ph-N
2026-06-05 15:10:40,283 - INFO - MAG03D0424: step count = 25 (raw=28)
2026-06-05 15:10:40,287 - INFO - [EXTRACTION_RESULT] machine=MAG03D0424 variants=['MAG03D0424']
2026-06-05 15:10:40,287 - INFO - [VARIANT_SUMMARY] MAG03D0424 steps=28 flags=0 ref_voltage=None uv=None ov=None
2026-06-05 15:10:45,289 - INFO - Extracted 1 variants
2026-06-05 15:10:45,289 - INFO - Processing MAG03D0424...
2026-06-05 15:10:45,296 - INFO -   MAG03D0424: 28 steps
2026-06-05 15:10:45,296 - WARNING -   MAG03D0424: 2 spec flag(s)
2026-06-05 15:10:45,296 - WARNING -     - missing voltage_unit
2026-06-05 15:10:45,296 - WARNING -     - no voltage ranges extracted
2026-06-05 15:10:45,296 - WARNING -   MAG03D0424 step 1: ['missing valid voltages_pn']
2026-06-05 15:10:45,296 - WARNING -   MAG03D0424 step 7: ['missing valid voltages_pn']
2026-06-05 15:10:45,296 - WARNING -   MAG03D0424 step 12: ['missing valid voltages_pn']
2026-06-05 15:10:45,296 - WARNING -   MAG03D0424 step 17: ['missing valid voltages_pn']
2026-06-05 15:10:45,296 - WARNING -   MAG03D0424 step 19: ['missing valid voltages_pn']
2026-06-05 15:10:45,296 - INFO -   MAG03D0424: usable=True
2026-06-05 15:10:45,337 - INFO -   wrote MAG03D0424: layout=A
2026-06-05 15:10:45,412 - INFO -   Wrote s9_baseline_MAG03D0424.xlsx
2026-06-05 15:10:45,412 - INFO - ============================================================
2026-06-05 15:10:45,412 - INFO - Baseline run complete. Now comparing...
2026-06-05 15:10:45,412 - INFO - ============================================================
2026-06-05 15:10:45,418 - ERROR - Generated file not found: outputs\s9\s9_baseline_MAG03D0424_v3.xlsx
2026-06-05 15:10:45,418 - INFO - Files in outputs\s9:
2026-06-05 15:10:45,421 - INFO -   s9_baseline_MAG03D0424.xlsx
2026-06-05 15:11:43,620 - INFO - ============================================================
2026-06-05 15:11:43,620 - INFO - SESSION 9 BASELINE RUN — MAG03D0424
2026-06-05 15:11:43,620 - INFO - Started: 2026-06-05T15:11:43.620682
2026-06-05 15:11:43,620 - INFO - ============================================================
2026-06-05 15:11:43,620 - INFO - Loading PDF...
2026-06-05 15:11:43,620 - INFO - Extracting: WI.pdf
2026-06-05 15:11:43,622 - INFO -   format: real PDF
2026-06-05 15:11:55,938 - INFO - Loaded 62 pages
2026-06-05 15:11:55,938 - INFO - Segmenting blocks...
2026-06-05 15:11:55,938 - INFO - SCOPE detected (early): ['MAG03D0424', 'MAG03D0425', 'MAG03D0426', 'MAG03D0427', 'MAG03D0428']
2026-06-05 15:11:55,938 - INFO - Segmented into 5 blocks:
2026-06-05 15:11:55,938 - INFO -   MAG03D0424: page_range=[1, 2, 3, 4, 5, 6, 7, 8, 9, 10, 11, 12, 13, 14, 15, 16, 17, 18, 19, 20, 21, 22, 23, 24, 25, 26, 27, 28, 29, 30, 31, 32, 33, 34, 35, 36, 37, 38, 39, 40, 41, 42, 43, 44, 45, 46, 47, 48, 49, 50, 51, 52, 53, 54, 55, 56, 57, 58, 59, 60, 61, 62]
2026-06-05 15:11:55,938 - INFO -   MAG03D0425: page_range=[1, 2, 3, 4, 5, 6, 7, 8, 9, 10, 11, 12, 13, 14, 15, 16, 17, 18, 19, 20, 21, 22, 23, 24, 25, 26, 27, 28, 29, 30, 31, 32, 33, 34, 35, 36, 37, 38, 39, 40, 41, 42, 43, 44, 45, 46, 47, 48, 49, 50, 51, 52, 53, 54, 55, 56, 57, 58, 59, 60, 61, 62]
2026-06-05 15:11:55,938 - INFO -   MAG03D0426: page_range=[1, 2, 3, 4, 5, 6, 7, 8, 9, 10, 11, 12, 13, 14, 15, 16, 17, 18, 19, 20, 21, 22, 23, 24, 25, 26, 27, 28, 29, 30, 31, 32, 33, 34, 35, 36, 37, 38, 39, 40, 41, 42, 43, 44, 45, 46, 47, 48, 49, 50, 51, 52, 53, 54, 55, 56, 57, 58, 59, 60, 61, 62]
2026-06-05 15:11:55,938 - INFO -   MAG03D0427: page_range=[1, 2, 3, 4, 5, 6, 7, 8, 9, 10, 11, 12, 13, 14, 15, 16, 17, 18, 19, 20, 21, 22, 23, 24, 25, 26, 27, 28, 29, 30, 31, 32, 33, 34, 35, 36, 37, 38, 39, 40, 41, 42, 43, 44, 45, 46, 47, 48, 49, 50, 51, 52, 53, 54, 55, 56, 57, 58, 59, 60, 61, 62]
2026-06-05 15:11:55,938 - INFO -   MAG03D0428: page_range=[1, 2, 3, 4, 5, 6, 7, 8, 9, 10, 11, 12, 13, 14, 15, 16, 17, 18, 19, 20, 21, 22, 23, 24, 25, 26, 27, 28, 29, 30, 31, 32, 33, 34, 35, 36, 37, 38, 39, 40, 41, 42, 43, 44, 45, 46, 47, 48, 49, 50, 51, 52, 53, 54, 55, 56, 57, 58, 59, 60, 61, 62]
2026-06-05 15:11:55,938 - INFO - Extracting MAG03D0424...
2026-06-05 15:11:56,901 - INFO - MAG03D0424: stopping page collection at page 34 because it belongs to another variant procedure
2026-06-05 15:11:56,901 - INFO - [PAGE_CLASSIFICATION] variant=MAG03D0424 spec_pages=[2, 19, 31, 32, 33, 34, 35, 36, 46, 47, 48, 50, 51, 52, 53, 60, 61] proc_pages=[31, 32, 33]
2026-06-05 15:11:56,901 - INFO - MAG03D0424: spec_pages=4 variants=1
2026-06-05 15:11:56,901 - INFO - MAG03D0424: full table variants -> ['MAG03D0424', 'MAG03D0425', 'MAG03D0426', 'MAG03D0427', 'MAG03D0428']
2026-06-05 15:11:56,901 - INFO - MAG03D0424: mapped variants from tables -> ['MAG03D0424', 'MAG03D0425', 'MAG03D0426', 'MAG03D0427', 'MAG03D0428']
2026-06-05 15:11:56,901 - INFO - MAG03D0424: extracted 4 table grids
2026-06-05 15:11:56,901 - INFO -   vision specs chunk: 4 images, variants=['MAG03D0424']
2026-06-05 15:12:40,721 - INFO - MAG03D0424: raw spec response keys=['MAG03D0424']
2026-06-05 15:12:40,721 - INFO - MAG03D0424: raw spec payload={'MAG03D0424': {'ref_voltage': None, 'uv_range': None, 'uv_threshold_pct': None, 'ov_range': None, 'ov_threshold_pct': None, 'uv_hysteresis': None, 'ov_hysteresis': None, 'asymmetry': None, 'on_delay': '0 to 15 Sec', 'off_delay': None, 'phase_fail': None, 'phase_reverse': None, 'neutral_fail': None, 'virtual_neutral': None, 'lv_cutoff': '17V', 'hv_cutoff': '220V', 'voltage_unit': None, 'led_indications': {}, 'dip_switches': [], 'notes': None}}
2026-06-05 15:12:40,721 - INFO -   vision procedure: MAG03D0424, 6 images
2026-06-05 15:14:00,760 - INFO - MAG03D0424: ALL extracted steps = [{'step_name': 'DIP S/W Change', 'settings': ['1 : OFF', '2 : OFF', '3 : OFF', '4 : OFF', '5 : ON'], 'voltages_pn': [], 'voltage_pp': [], 'leds': [], 'relay_status': None, 'on_delay': None, 'off_delay': None, 'section_break': True}, {'step_name': 'healthy condition', 'settings': ['UV = 8%', 'OV = 22%', 'DELAY = 3SEC'], 'voltages_pn': ['RN : 120', 'YN : 120', 'BN : 120'], 'voltage_pp': [], 'leds': ['PWR (GREEN LED) : ON', 'UV (RED LED) : OFF', 'OV (RED LED) : OFF', 'ASY (RED LED): OFF'], 'relay_status': 'ON', 'on_delay': '4-6 sec', 'off_delay': '-', 'section_break': False}, {'step_name': 'UV Healthy condition', 'settings': ['UV = 8%', 'OV = 22%', 'DELAY = 3SEC'], 'voltages_pn': ['RN : 111.6', 'YN : 120', 'BN : 120'], 'voltage_pp': [], 'leds': ['PWR (GREEN LED) : ON', 'UV (RED LED) : OFF', 'OV (RED LED) : OFF', 'ASY (RED LED): OFF'], 'relay_status': 'ON', 'on_delay': 'Continuous ON', 'off_delay': '-', 'section_break': False}, {'step_name': 'UV faulty condition with delay', 'settings': ['UV = 8%', 'OV = 22%', 'DELAY = 3SEC'], 'voltages_pn': ['RN : 109.2', 'YN : 120', 'BN : 120'], 'voltage_pp': [], 'leds': ['PWR (GREEN LED) : ON', 'UV (RED LED) : ON', 'OV (RED LED) : OFF', 'ASY (RED LED): OFF'], 'relay_status': 'OFF in 2-4 sec', 'on_delay': '-', 'off_delay': '2-4 SEC', 'section_break': False}, {'step_name': 'UV hystersis not recovery', 'settings': ['UV = 8%', 'OV = 22%', 'DELAY = 3SEC'], 'voltages_pn': ['RN : 110.4', 'YN : 120', 'BN : 120'], 'voltage_pp': [], 'leds': ['PWR (GREEN LED) : ON', 'UV (RED LED) : ON', 'OV (RED LED) : OFF', 'ASY (RED LED): OFF'], 'relay_status': 'OFF ', 'on_delay': '-', 'off_delay': 'Continuous OFF', 'section_break': False}, {'step_name': 'UV hystersis recovery', 'settings': ['UV = 8%', 'OV = 22%', 'DELAY = 3SEC'], 'voltages_pn': ['RN : 115.2', 'YN : 120', 'BN : 120'], 'voltage_pp': [], 'leds': ['PWR (GREEN LED) : ON', 'UV (RED LED) : OFF', 'OV (RED LED) : OFF', 'ASY (RED LED): OFF'], 'relay_status': 'ON', 'on_delay': None, 'off_delay': None, 'section_break': False}, {'step_name': 'Supply couple at 100 VAC', 'settings': [], 'voltages_pn': [], 'voltage_pp': [], 'leds': [], 'relay_status': None, 'on_delay': None, 'off_delay': None, 'section_break': True}, {'step_name': 'UV symmmetrical Healthy', 'settings': ['UV = 22%', 'OV = 22%', 'DELAY = 15SEC'], 'voltages_pn': ['RN : 94.8', 'YN : 94.8', 'BN : 94.8'], 'voltage_pp': [], 'leds': ['PWR (GREEN LED) : ON', 'UV (RED LED) : OFF', 'OV (RED LED) : OFF', 'ASY (RED LED): OFF'], 'relay_status': 'ON', 'on_delay': '4-6 sec', 'off_delay': '-', 'section_break': False}, {'step_name': 'UV symmmetrical faulty', 'settings': ['UV = 22%', 'OV = 22%', 'DELAY = 15SEC'], 'voltages_pn': ['RN : 92.4', 'YN : 92.4', 'BN : 92.4'], 'voltage_pp': [], 'leds': ['PWR (GREEN LED) : ON', 'UV (RED LED) : ON', 'OV (RED LED) : OFF', 'ASY (RED LED): OFF'], 'relay_status': 'OFF in 2-4 sec', 'on_delay': '-', 'off_delay': '2-4 SEC', 'section_break': False}, {'step_name': 'UV hystersis not recovery', 'settings': ['UV = 22%', 'OV = 22%', 'DELAY = 15SEC'], 'voltages_pn': ['RN : 93.6', 'YN : 93.6', 'BN : 93.6'], 'voltage_pp': [], 'leds': ['PWR (GREEN LED) : ON', 'UV (RED LED) : ON', 'OV (RED LED) : OFF', 'ASY (RED LED): OFF'], 'relay_status': 'OFF ', 'on_delay': '-', 'off_delay': 'Continuous OFF', 'section_break': False}, {'step_name': 'UV hystersis recovery', 'settings': ['UV = 22%', 'OV = 22%', 'DELAY = 15SEC'], 'voltages_pn': ['RN : 98.4', 'YN : 98.4', 'BN : 98.4'], 'voltage_pp': [], 'leds': ['PWR (GREEN LED) : ON', 'UV (RED LED) : OFF', 'OV (RED LED) : OFF', 'ASY (RED LED): OFF'], 'relay_status': 'ON', 'on_delay': None, 'off_delay': None, 'section_break': False}, {'step_name': 'DIP S/W Change', 'settings': ['1 : ON', '2 : ON', '3 : ON', '4 : ON', '5 : OFF'], 'voltages_pn': [], 'voltage_pp': [], 'leds': [], 'relay_status': None, 'on_delay': None, 'off_delay': None, 'section_break': True}, {'step_name': 'OV Healthy condition', 'settings': ['UV = 22%', 'OV = 22%', 'DELAY = 6SEC'], 'voltages_pn': ['RN : 304', 'YN : 277', 'BN : 277'], 'voltage_pp': ['RY : 480', 'YB : 480', 'BR : 480'], 'leds': ['PWR (GREEN LED) : ON', 'UV (RED LED) : OFF', 'OV (RED LED) : OFF', 'ASY (RED LED): OFF'], 'relay_status': 'ON', 'on_delay': '5-7 sec', 'off_delay': '-', 'section_break': False}, {'step_name': 'OV faulty condition', 'settings': ['UV = 22%', 'OV = 22%', 'DELAY = 6SEC'], 'voltages_pn': ['RN : 322.8', 'YN : 277', 'BN : 277'], 'voltage_pp': ['RY : 480', 'YB : 480', 'BR : 480'], 'leds': ['PWR (GREEN LED) : ON', 'UV (RED LED) : OFF', 'OV (RED LED) : ON', 'ASY (RED LED): OFF'], 'relay_status': 'OFF in 4-6sec', 'on_delay': '-', 'off_delay': '4-6sec', 'section_break': False}, {'step_name': 'OV hystersis not recovery', 'settings': ['UV = 22%', 'OV = 22%', 'DELAY = 6SEC'], 'voltages_pn': ['RN : 304', 'YN : 277', 'BN : 277'], 'voltage_pp': ['RY : 480', 'YB : 480', 'BR : 480'], 'leds': ['PWR (GREEN LED) : ON', 'UV (RED LED) : OFF', 'OV (RED LED) : ON', 'ASY (RED LED): OFF'], 'relay_status': 'OFF ', 'on_delay': '-', 'off_delay': 'Continuous OFF', 'section_break': False}, {'step_name': 'OV hystersis recovery', 'settings': ['UV = 22%', 'OV = 22%', 'DELAY = 6SEC'], 'voltages_pn': ['RN : 304', 'YN : 277', 'BN : 277'], 'voltage_pp': ['RY : 480', 'YB : 480', 'BR : 480'], 'leds': ['PWR (GREEN LED) : ON', 'UV (RED LED) : OFF', 'OV (RED LED) : OFF', 'ASY (RED LED): OFF'], 'relay_status': 'ON', 'on_delay': '5-7 sec', 'off_delay': None, 'section_break': True}, {'step_name': 'Run time DIP switch change error', 'settings': [], 'voltages_pn': [], 'voltage_pp': [], 'leds': [], 'relay_status': None, 'on_delay': None, 'off_delay': None, 'section_break': False}, {'step_name': 'DIP S/W Change', 'settings': ['1 : ON', '2 : OFF', '3 : ON', '4 : ON', '5 : OFF'], 'voltages_pn': ['RN : 304', 'YN : 277', 'BN : 277'], 'voltage_pp': ['RY : 480', 'YB : 480', 'BR : 480'], 'leds': ['PWR (GREEN LED) : Fast Blink (200ms ON & 200ms OFF)', 'UV (RED LED) : Fast Blink (200ms ON & 200ms OFF)', 'OV (RED LED) : Fast Blink (200ms ON & 200ms OFF)', 'ASY (RED LED): Fast Blink (200ms ON & 200ms OFF)'], 'relay_status': 'ON', 'on_delay': '5-7 sec', 'off_delay': None, 'section_break': True}, {'step_name': 'Supply OFF change voltages as follows before supply ON', 'settings': [], 'voltages_pn': [], 'voltage_pp': [], 'leds': [], 'relay_status': None, 'on_delay': None, 'off_delay': None, 'section_break': True}, {'step_name': 'DIP S/W Change', 'settings': ['1 : OFF', '2 : OFF', '3 : OFF', '4 : OFF', '5 : OFF'], 'voltages_pn': [], 'voltage_pp': [], 'leds': [], 'relay_status': None, 'on_delay': None, 'off_delay': None, 'section_break': True}, {'step_name': 'Healthy condition', 'settings': ['UV = 22%', 'OV = 22%', 'DELAY = 0SEC'], 'voltages_pn': ['RN : 120', 'YN : 120', 'BN : 120'], 'voltage_pp': ['RY : 208', 'YB : 208', 'BR : 208'], 'leds': ['PWR (GREEN LED) : ON', 'UV (RED LED) : OFF', 'OV (RED LED) : OFF', 'ASY (RED LED): OFF'], 'relay_status': 'ON', 'on_delay': 'Instant ON', 'off_delay': None, 'section_break': False}, {'step_name': 'Asymmetry healthy condition', 'settings': ['UV = 22%', 'OV = 22%', 'DELAY = 0SEC'], 'voltages_pn': ['RN : 110.4', 'YN : 120', 'BN : 120'], 'voltage_pp': ['RY : 208', 'YB : 208', 'BR : 208'], 'leds': ['PWR (GREEN LED) : ON', 'UV (RED LED) : OFF', 'OV (RED LED) : OFF', 'ASY (RED LED): OFF'], 'relay_status': 'ON', 'on_delay': 'Continuous ON', 'off_delay': None, 'section_break': False}, {'step_name': 'Asymmetry faulty condition', 'settings': ['UV = 22%', 'OV = 22%', 'DELAY = 0SEC'], 'voltages_pn': ['RN : 106.8', 'YN : 120', 'BN : 120'], 'voltage_pp': ['RY : 208', 'YB : 208', 'BR : 208'], 'leds': ['PWR (GREEN LED) : ON', 'UV (RED LED) : OFF', 'OV (RED LED) : OFF', 'ASY (RED LED): ON'], 'relay_status': 'OFF IN 4-6 SEC', 'on_delay': None, 'off_delay': 'OFF IN 4-6 SEC', 'section_break': False}, {'step_name': 'Asymmetry not recovery', 'settings': ['UV = 22%', 'OV = 22%', 'DELAY = 0SEC'], 'voltages_pn': ['RN : 108', 'YN : 120', 'BN : 120'], 'voltage_pp': ['RY : 208', 'YB : 208', 'BR : 208'], 'leds': ['PWR (GREEN LED) : ON', 'UV (RED LED) : OFF', 'OV (RED LED) : OFF', 'ASY (RED LED): ON'], 'relay_status': 'OFF', 'on_delay': None, 'off_delay': 'Continuous OFF', 'section_break': False}, {'step_name': 'Asymmetry recovery', 'settings': ['UV = 22%', 'OV = 22%', 'DELAY = 0SEC'], 'voltages_pn': ['RN : 112.44', 'YN : 120', 'BN : 120'], 'voltage_pp': ['RY : 208', 'YB : 208', 'BR : 208'], 'leds': ['PWR (GREEN LED) : ON', 'UV (RED LED) : OFF', 'OV (RED LED) : OFF', 'ASY (RED LED): OFF'], 'relay_status': 'ON', 'on_delay': 'Instant ON', 'off_delay': None, 'section_break': True}, {'step_name': 'Phase fail', 'settings': ['UV = 22%', 'OV = 22%', 'DELAY = 0SEC'], 'voltages_pn': ['RN : 0', 'YN : 120', 'BN : 120'], 'voltage_pp': ['RY : 208', 'YB : 208', 'BR : 208'], 'leds': ['PWR (GREEN LED) : OFF', 'UV (RED LED) : OFF', 'OV (RED LED) : OFF', 'ASY (RED LED): OFF'], 'relay_status': 'Instant OFF', 'on_delay': None, 'off_delay': 'Instant OFF', 'section_break': False}, {'step_name': 'Phase recovery', 'settings': ['UV = 22%', 'OV = 22%', 'DELAY = 0SEC'], 'voltages_pn': ['RN : 120', 'YN : 120', 'BN : 120'], 'voltage_pp': ['RY : 208', 'YB : 208', 'BR : 208'], 'leds': ['PWR (GREEN LED) : ON', 'UV (RED LED) : OFF', 'OV (RED LED) : OFF', 'ASY (RED LED): OFF'], 'relay_status': 'Instant ON', 'on_delay': 'Instant ON', 'off_delay': None, 'section_break': True}, {'step_name': 'Phase reverse', 'settings': ['UV = 22%', 'OV = 22%', 'DELAY = 0SEC'], 'voltages_pn': ['RN : 120', 'YN : 120', 'BN : 120', '(change phase angle)'], 'voltage_pp': ['RY : 208', 'YB : 208', 'BR : 208'], 'leds': ['PWR (GREEN LED) : ON', 'UV (RED LED) : OFF', 'OV (RED LED) : OFF', 'ASY (RED LED): ON'], 'relay_status': 'Instant OFF', 'on_delay': None, 'off_delay': 'Instant OFF', 'section_break': False}, {'step_name': 'Phase reverse recovery', 'settings': ['UV = 22%', 'OV = 22%', 'DELAY = 0SEC'], 'voltages_pn': ['RN : 120', 'YN : 120', 'BN : 120', '(recover phase angle)'], 'voltage_pp': ['RY : 208', 'YB : 208', 'BR : 208'], 'leds': ['PWR (GREEN LED) : ON', 'UV (RED LED) : OFF', 'OV (RED LED) : OFF', 'ASY (RED LED): OFF'], 'relay_status': 'Instant ON', 'on_delay': 'Instant ON', 'off_delay': None, 'section_break': False}]
2026-06-05 15:14:00,770 - INFO -   Section C/D nominal from OCR: 240.0V Ph-N
2026-06-05 15:14:00,770 - INFO -   Section A nominal detected: 120.0V Ph-N
2026-06-05 15:14:00,770 - INFO -   skipping spurious post-SupplyOFF step: DIP S/W Change
2026-06-05 15:14:00,770 - INFO -   Section C/D voltage fix: Healthy condition -> 240V Ph-N (was 120.0V)
2026-06-05 15:14:00,770 - INFO -   Section C/D asymmetry fix: Asymmetry healthy condition scaled by 2.00 (base was 120V)
2026-06-05 15:14:00,770 - INFO -   Section C/D asymmetry fix: Asymmetry faulty condition scaled by 2.00 (base was 120V)
2026-06-05 15:14:00,770 - INFO -   Section C/D asymmetry fix: Asymmetry not recovery scaled by 2.00 (base was 120V)
2026-06-05 15:14:00,770 - INFO -   Section C/D asymmetry fix: Asymmetry recovery scaled by 2.00 (base was 120V)
2026-06-05 15:14:00,770 - INFO -   Section C/D asymmetry fix: Phase fail scaled by 2.00 (base was 120V)
2026-06-05 15:14:00,770 - INFO -   Section C/D voltage fix: Phase recovery -> 240V Ph-N (was 120.0V)
2026-06-05 15:14:00,778 - INFO -   Section C/D voltage fix: Phase reverse -> 240V Ph-N (was 120.0V)
2026-06-05 15:14:00,778 - INFO -   Section C/D voltage fix: Phase reverse recovery -> 240V Ph-N (was 120.0V)
2026-06-05 15:14:00,779 - INFO - MAG03D0424: step count = 25 (raw=28)
2026-06-05 15:14:00,780 - INFO - [EXTRACTION_RESULT] machine=MAG03D0424 variants=['MAG03D0424']
2026-06-05 15:14:00,780 - INFO - [VARIANT_SUMMARY] MAG03D0424 steps=28 flags=0 ref_voltage=None uv=None ov=None
2026-06-05 15:14:05,781 - INFO - Extracted 1 variants
2026-06-05 15:14:05,781 - INFO - Processing MAG03D0424...
2026-06-05 15:14:05,792 - INFO -   MAG03D0424: 28 steps
2026-06-05 15:14:05,792 - WARNING -   MAG03D0424: 1 spec flag(s)
2026-06-05 15:14:05,792 - WARNING -     - missing voltage_unit
2026-06-05 15:14:05,792 - WARNING -   MAG03D0424 step 1: ['missing valid voltages_pn']
2026-06-05 15:14:05,792 - WARNING -   MAG03D0424 step 7: ['missing valid voltages_pn']
2026-06-05 15:14:05,792 - WARNING -   MAG03D0424 step 12: ['missing valid voltages_pn']
2026-06-05 15:14:05,792 - WARNING -   MAG03D0424 step 17: ['missing valid voltages_pn']
2026-06-05 15:14:05,792 - WARNING -   MAG03D0424 step 19: ['missing valid voltages_pn']
2026-06-05 15:14:05,792 - INFO -   MAG03D0424: usable=True
2026-06-05 15:14:05,809 - INFO -   wrote MAG03D0424: layout=B
2026-06-05 15:14:05,858 - INFO -   Wrote s9_baseline_MAG03D0424.xlsx
2026-06-05 15:14:05,858 - INFO - ============================================================
2026-06-05 15:14:05,858 - INFO - Baseline run complete. Now comparing...
2026-06-05 15:14:05,858 - INFO - ============================================================
2026-06-05 15:14:05,871 - ERROR - Generated file not found: outputs\s9\s9_baseline_MAG03D0424_v3.xlsx
2026-06-05 15:14:05,871 - INFO - Files in outputs\s9:
2026-06-05 15:14:05,871 - INFO -   s9_baseline_MAG03D0424.xlsx
2026-06-05 15:15:07,722 - INFO - ============================================================
2026-06-05 15:15:07,722 - INFO - SESSION 9 BASELINE RUN — MAG03D0424
2026-06-05 15:15:07,722 - INFO - Started: 2026-06-05T15:15:07.722096
2026-06-05 15:15:07,722 - INFO - ============================================================
2026-06-05 15:15:07,722 - INFO - Loading PDF...
2026-06-05 15:15:07,722 - INFO - Extracting: WI.pdf
2026-06-05 15:15:07,738 - INFO -   format: real PDF
2026-06-05 15:15:18,363 - INFO - Loaded 62 pages
2026-06-05 15:15:18,363 - INFO - Segmenting blocks...
2026-06-05 15:15:18,363 - INFO - SCOPE detected (early): ['MAG03D0424', 'MAG03D0425', 'MAG03D0426', 'MAG03D0427', 'MAG03D0428']
2026-06-05 15:15:18,363 - INFO - Segmented into 5 blocks:
2026-06-05 15:15:18,363 - INFO -   MAG03D0424: page_range=[1, 2, 3, 4, 5, 6, 7, 8, 9, 10, 11, 12, 13, 14, 15, 16, 17, 18, 19, 20, 21, 22, 23, 24, 25, 26, 27, 28, 29, 30, 31, 32, 33, 34, 35, 36, 37, 38, 39, 40, 41, 42, 43, 44, 45, 46, 47, 48, 49, 50, 51, 52, 53, 54, 55, 56, 57, 58, 59, 60, 61, 62]
2026-06-05 15:15:18,363 - INFO -   MAG03D0425: page_range=[1, 2, 3, 4, 5, 6, 7, 8, 9, 10, 11, 12, 13, 14, 15, 16, 17, 18, 19, 20, 21, 22, 23, 24, 25, 26, 27, 28, 29, 30, 31, 32, 33, 34, 35, 36, 37, 38, 39, 40, 41, 42, 43, 44, 45, 46, 47, 48, 49, 50, 51, 52, 53, 54, 55, 56, 57, 58, 59, 60, 61, 62]
2026-06-05 15:15:18,363 - INFO -   MAG03D0426: page_range=[1, 2, 3, 4, 5, 6, 7, 8, 9, 10, 11, 12, 13, 14, 15, 16, 17, 18, 19, 20, 21, 22, 23, 24, 25, 26, 27, 28, 29, 30, 31, 32, 33, 34, 35, 36, 37, 38, 39, 40, 41, 42, 43, 44, 45, 46, 47, 48, 49, 50, 51, 52, 53, 54, 55, 56, 57, 58, 59, 60, 61, 62]
2026-06-05 15:15:18,363 - INFO -   MAG03D0427: page_range=[1, 2, 3, 4, 5, 6, 7, 8, 9, 10, 11, 12, 13, 14, 15, 16, 17, 18, 19, 20, 21, 22, 23, 24, 25, 26, 27, 28, 29, 30, 31, 32, 33, 34, 35, 36, 37, 38, 39, 40, 41, 42, 43, 44, 45, 46, 47, 48, 49, 50, 51, 52, 53, 54, 55, 56, 57, 58, 59, 60, 61, 62]
2026-06-05 15:15:18,363 - INFO -   MAG03D0428: page_range=[1, 2, 3, 4, 5, 6, 7, 8, 9, 10, 11, 12, 13, 14, 15, 16, 17, 18, 19, 20, 21, 22, 23, 24, 25, 26, 27, 28, 29, 30, 31, 32, 33, 34, 35, 36, 37, 38, 39, 40, 41, 42, 43, 44, 45, 46, 47, 48, 49, 50, 51, 52, 53, 54, 55, 56, 57, 58, 59, 60, 61, 62]
2026-06-05 15:15:18,363 - INFO - Extracting MAG03D0424...
2026-06-05 15:15:22,792 - INFO - MAG03D0424: stopping page collection at page 34 because it belongs to another variant procedure
2026-06-05 15:15:22,792 - INFO - [PAGE_CLASSIFICATION] variant=MAG03D0424 spec_pages=[2, 19, 31, 32, 33, 34, 35, 36, 46, 47, 48, 50, 51, 52, 53, 60, 61] proc_pages=[31, 32, 33]
2026-06-05 15:15:22,792 - INFO - MAG03D0424: spec_pages=4 variants=1
2026-06-05 15:15:22,792 - INFO - MAG03D0424: full table variants -> ['MAG03D0424', 'MAG03D0425', 'MAG03D0426', 'MAG03D0427', 'MAG03D0428']
2026-06-05 15:15:22,792 - INFO - MAG03D0424: mapped variants from tables -> ['MAG03D0424', 'MAG03D0425', 'MAG03D0426', 'MAG03D0427', 'MAG03D0428']
2026-06-05 15:15:22,792 - INFO - MAG03D0424: extracted 4 table grids
2026-06-05 15:15:22,792 - INFO -   vision specs chunk: 4 images, variants=['MAG03D0424']
2026-06-05 15:15:39,537 - INFO - MAG03D0424: raw spec response keys=['MAG03D0424']
2026-06-05 15:15:39,537 - INFO - MAG03D0424: raw spec payload={'MAG03D0424': {'ref_voltage': None, 'uv_range': None, 'uv_threshold_pct': None, 'ov_range': None, 'ov_threshold_pct': None, 'uv_hysteresis': None, 'ov_hysteresis': None, 'asymmetry': None, 'on_delay': None, 'off_delay': None, 'phase_fail': None, 'phase_reverse': None, 'neutral_fail': None, 'virtual_neutral': None, 'lv_cutoff': None, 'hv_cutoff': None, 'voltage_unit': None, 'led_indications': {}, 'dip_switches': [], 'notes': None}}
2026-06-05 15:15:39,537 - WARNING - MAG03D0424: specs incomplete — continuing procedure extraction
2026-06-05 15:15:39,537 - INFO -   vision procedure: MAG03D0424, 6 images
2026-06-05 15:19:24,602 - INFO - MAG03D0424: ALL extracted steps = [{'step_name': 'DIP S/W Change', 'settings': ['1 : OFF', '2 : OFF', '3 : OFF', '4 : OFF', '5 : ON'], 'voltages_pn': [], 'voltage_pp': [], 'leds': [], 'relay_status': None, 'on_delay': None, 'off_delay': None, 'section_break': True}, {'step_name': 'healthy condition', 'settings': ['UV = 8%', 'OV = 22%', 'DELAY = 3SEC'], 'voltages_pn': ['RN : 120', 'YN : 120', 'BN : 120'], 'voltage_pp': [], 'leds': ['PWR (GREEN LED) : ON', 'UV (RED LED) : OFF', 'OV (RED LED) : OFF', 'ASY (RED LED): OFF'], 'relay_status': 'ON', 'on_delay': '4-6 sec', 'off_delay': '-', 'section_break': False}, {'step_name': 'UV Healthy condition', 'settings': ['UV = 8%', 'OV = 22%', 'DELAY = 3SEC'], 'voltages_pn': ['RN : 111.6', 'YN : 120', 'BN : 120'], 'voltage_pp': [], 'leds': ['PWR (GREEN LED) : ON', 'UV (RED LED) : OFF', 'OV (RED LED) : OFF', 'ASY (RED LED): OFF'], 'relay_status': 'ON', 'on_delay': 'Continuous ON', 'off_delay': '-', 'section_break': False}, {'step_name': 'UV faulty condition with delay', 'settings': ['UV = 8%', 'OV = 22%', 'DELAY = 3SEC'], 'voltages_pn': ['RN : 109.2', 'YN : 120', 'BN : 120'], 'voltage_pp': [], 'leds': ['PWR (GREEN LED) : ON', 'UV (RED LED) : ON', 'OV (RED LED) : OFF', 'ASY (RED LED): OFF'], 'relay_status': 'OFF in 2-4 sec', 'on_delay': '-', 'off_delay': '2-4 SEC', 'section_break': False}, {'step_name': 'UV hystersis not recovery', 'settings': ['UV = 8%', 'OV = 22%', 'DELAY = 3SEC'], 'voltages_pn': ['RN : 110.4', 'YN : 120', 'BN : 120'], 'voltage_pp': [], 'leds': ['PWR (GREEN LED) : ON', 'UV (RED LED) : ON', 'OV (RED LED) : OFF', 'ASY (RED LED): OFF'], 'relay_status': 'OFF ', 'on_delay': '-', 'off_delay': 'Continuous OFF', 'section_break': False}, {'step_name': 'UV hystersis recovery', 'settings': ['UV = 8%', 'OV = 22%', 'DELAY = 3SEC'], 'voltages_pn': ['RN : 114', 'YN : 120', 'BN : 120'], 'voltage_pp': [], 'leds': ['PWR (GREEN LED) : ON', 'UV (RED LED) : OFF', 'OV (RED LED) : OFF', 'ASY (RED LED): OFF'], 'relay_status': 'ON', 'on_delay': None, 'off_delay': None, 'section_break': False}, {'step_name': 'Supply couple at 100 VAC', 'settings': [], 'voltages_pn': [], 'voltage_pp': [], 'leds': [], 'relay_status': None, 'on_delay': None, 'off_delay': None, 'section_break': True}, {'step_name': 'UV symmmetrical Healthy', 'settings': ['UV = 22%', 'OV = 22%', 'DELAY = 15SEC'], 'voltages_pn': ['RN : 94.8', 'YN : 94.8', 'BN : 94.8'], 'voltage_pp': [], 'leds': ['PWR (GREEN LED) : ON', 'UV (RED LED) : OFF', 'OV (RED LED) : OFF', 'ASY (RED LED): OFF'], 'relay_status': 'ON', 'on_delay': 'Continuous ON', 'off_delay': '-', 'section_break': False}, {'step_name': 'UV symmmetrical faulty', 'settings': ['UV = 22%', 'OV = 22%', 'DELAY = 15SEC'], 'voltages_pn': ['RN : 92.4', 'YN : 92.4', 'BN : 92.4'], 'voltage_pp': [], 'leds': ['PWR (GREEN LED) : ON', 'UV (RED LED) : ON', 'OV (RED LED) : OFF', 'ASY (RED LED): OFF'], 'relay_status': 'OFF in 14-16 sec', 'on_delay': '-', 'off_delay': '14-16 SEC', 'section_break': False}, {'step_name': 'UV hystersis not recovery', 'settings': ['UV = 22%', 'OV = 22%', 'DELAY = 15SEC'], 'voltages_pn': ['RN : 93.6', 'YN : 93.6', 'BN : 93.6'], 'voltage_pp': [], 'leds': ['PWR (GREEN LED) : ON', 'UV (RED LED) : ON', 'OV (RED LED) : OFF', 'ASY (RED LED): OFF'], 'relay_status': 'OFF ', 'on_delay': '-', 'off_delay': 'Continuous OFF', 'section_break': False}, {'step_name': 'UV hystersis recovery', 'settings': ['UV = 22%', 'OV = 22%', 'DELAY = 15SEC'], 'voltages_pn': ['RN : 97.2', 'YN : 97.2', 'BN : 97.2'], 'voltage_pp': [], 'leds': ['PWR (GREEN LED) : ON', 'UV (RED LED) : OFF', 'OV (RED LED) : OFF', 'ASY (RED LED): OFF'], 'relay_status': 'ON', 'on_delay': None, 'off_delay': None, 'section_break': False}, {'step_name': 'DIP S/W Change', 'settings': ['1 : ON', '2 : ON', '3 : ON', '4 : OFF', '5 : OFF'], 'voltages_pn': [], 'voltage_pp': [], 'leds': [], 'relay_status': None, 'on_delay': None, 'off_delay': None, 'section_break': True}, {'step_name': 'OV Healthy condition', 'settings': ['UV = 8%', 'OV = 22%', 'DELAY = 5SEC'], 'voltages_pn': ['RN : 291', 'YN : 277', 'BN : 277'], 'voltage_pp': ['RY : 504', 'YB : 480', 'BR : 480'], 'leds': ['PWR (GREEN LED) : ON', 'UV (RED LED) : OFF', 'OV (RED LED) : OFF', 'ASY (RED LED): OFF'], 'relay_status': 'ON', 'on_delay': '5-7 sec', 'off_delay': '-', 'section_break': False}, {'step_name': 'OV faulty condition', 'settings': ['UV = 8%', 'OV = 22%', 'DELAY = 5SEC'], 'voltages_pn': ['RN : 302.1', 'YN : 277', 'BN : 277'], 'voltage_pp': ['RY : 523.2', 'YB : 480', 'BR : 480'], 'leds': ['PWR (GREEN LED) : ON', 'UV (RED LED) : OFF', 'OV (RED LED) : ON', 'ASY (RED LED): OFF'], 'relay_status': 'OFF in 4-6sec', 'on_delay': '-', 'off_delay': '4-6sec', 'section_break': False}, {'step_name': 'OV hystersis not recovery', 'settings': ['UV = 8%', 'OV = 22%', 'DELAY = 5SEC'], 'voltages_pn': ['RN : 299.3', 'YN : 277', 'BN : 277'], 'voltage_pp': ['RY : 518.4', 'YB : 480', 'BR : 480'], 'leds': ['PWR (GREEN LED) : ON', 'UV (RED LED) : OFF', 'OV (RED LED) : ON', 'ASY (RED LED): OFF'], 'relay_status': 'OFF ', 'on_delay': '-', 'off_delay': 'Continuous OFF', 'section_break': False}, {'step_name': 'OV hystersis recovery', 'settings': ['UV = 8%', 'OV = 22%', 'DELAY = 5SEC'], 'voltages_pn': ['RN : 291', 'YN : 277', 'BN : 277'], 'voltage_pp': ['RY : 504', 'YB : 480', 'BR : 480'], 'leds': ['PWR (GREEN LED) : ON', 'UV (RED LED) : OFF', 'OV (RED LED) : OFF', 'ASY (RED LED): OFF'], 'relay_status': 'ON', 'on_delay': '5-7 sec', 'off_delay': None, 'section_break': True}, {'step_name': 'Run time DIP switch change error', 'settings': [], 'voltages_pn': [], 'voltage_pp': [], 'leds': ['PWR (GREEN LED) : Fast Blink (200ms ON & 200ms OFF)', 'UV (RED LED) : Fast Blink (200ms ON & 200ms OFF)', 'OV (RED LED) : Fast Blink (200ms ON & 200ms OFF)', 'ASY (RED LED): Fast Blink (200ms ON & 200ms OFF)'], 'relay_status': None, 'on_delay': None, 'off_delay': None, 'section_break': False}, {'step_name': 'DIP S/W Change', 'settings': ['1 : ON', '2 : OFF', '3 : ON', '4 : OFF', '5 : OFF'], 'voltages_pn': ['RN : 291', 'YN : 277', 'BN : 277'], 'voltage_pp': ['RY : 504', 'YB : 480', 'BR : 480'], 'leds': ['PWR (GREEN LED) : ON', 'UV (RED LED) : OFF', 'OV (RED LED) : OFF', 'ASY (RED LED): OFF'], 'relay_status': 'ON', 'on_delay': '5-7 sec', 'off_delay': None, 'section_break': True}, {'step_name': 'Supply OFF change voltages as follows before supply ON', 'settings': [], 'voltages_pn': [], 'voltage_pp': [], 'leds': [], 'relay_status': None, 'on_delay': None, 'off_delay': None, 'section_break': True}, {'step_name': 'Healthy condition', 'settings': ['UV = 22%', 'OV = 22%', 'DELAY = 0SEC'], 'voltages_pn': ['RN : 240', 'YN : 240', 'BN : 240'], 'voltage_pp': ['RY : 415', 'YB : 415', 'BR : 415'], 'leds': ['PWR (GREEN LED) : ON', 'UV (RED LED) : OFF', 'OV (RED LED) : OFF', 'ASY (RED LED): OFF'], 'relay_status': 'ON', 'on_delay': 'Instant ON', 'off_delay': None, 'section_break': False}, {'step_name': 'Asymmetry healthy condition', 'settings': ['UV = 22%', 'OV = 22%', 'DELAY = 0SEC'], 'voltages_pn': ['RN : 218.4', 'YN : 240', 'BN : 240'], 'voltage_pp': [], 'leds': ['PWR (GREEN LED) : ON', 'UV (RED LED) : OFF', 'OV (RED LED) : OFF', 'ASY (RED LED): OFF'], 'relay_status': 'ON', 'on_delay': 'Continuous ON', 'off_delay': None, 'section_break': False}, {'step_name': 'Asymmetry faulty condition', 'settings': ['UV = 22%', 'OV = 22%', 'DELAY = 0SEC'], 'voltages_pn': ['RN : 213.6', 'YN : 240', 'BN : 240'], 'voltage_pp': [], 'leds': ['PWR (GREEN LED) : ON', 'UV (RED LED) : OFF', 'OV (RED LED) : OFF', 'ASY (RED LED): Slow Blink (1s ON & 1s OFF)'], 'relay_status': 'OFF IN 4-6 SEC', 'on_delay': None, 'off_delay': 'OFF IN 4-6 SEC', 'section_break': False}, {'step_name': 'Asymmetry not recovery', 'settings': ['UV = 22%', 'OV = 22%', 'DELAY = 0SEC'], 'voltages_pn': ['RN : 216', 'YN : 240', 'BN : 240'], 'voltage_pp': [], 'leds': ['PWR (GREEN LED) : ON', 'UV (RED LED) : OFF', 'OV (RED LED) : OFF', 'ASY (RED LED): Slow Blink (1s ON & 1s OFF)'], 'relay_status': 'OFF', 'on_delay': None, 'off_delay': 'Continuous OFF', 'section_break': False}, {'step_name': 'Asymmetry recovery', 'settings': ['UV = 22%', 'OV = 22%', 'DELAY = 0SEC'], 'voltages_pn': ['RN : 224.88', 'YN : 240', 'BN : 240'], 'voltage_pp': [], 'leds': ['PWR (GREEN LED) : ON', 'UV (RED LED) : OFF', 'OV (RED LED) : OFF', 'ASY (RED LED): OFF'], 'relay_status': 'ON', 'on_delay': 'Instant ON', 'off_delay': None, 'section_break': True}, {'step_name': 'Phase fail', 'settings': ['UV = 22%', 'OV = 22%', 'DELAY = 0SEC'], 'voltages_pn': ['RN : 0', 'YN : 240', 'BN : 240'], 'voltage_pp': [], 'leds': ['PWR (GREEN LED) : ON', 'UV (RED LED) : ON', 'OV (RED LED) : OFF', 'ASY (RED LED): OFF'], 'relay_status': 'Instant OFF', 'on_delay': None, 'off_delay': 'Instant OFF', 'section_break': False}, {'step_name': 'Phase recovery', 'settings': ['UV = 22%', 'OV = 22%', 'DELAY = 0SEC'], 'voltages_pn': ['RN : 240', 'YN : 240', 'BN : 240'], 'voltage_pp': ['RY : 415', 'YB : 415', 'BR : 415'], 'leds': ['PWR (GREEN LED) : ON', 'UV (RED LED) : OFF', 'OV (RED LED) : OFF', 'ASY (RED LED): OFF'], 'relay_status': 'Instant ON', 'on_delay': 'Instant ON', 'off_delay': None, 'section_break': True}, {'step_name': 'Phase reverse', 'settings': ['UV = 22%', 'OV = 22%', 'DELAY = 0SEC'], 'voltages_pn': ['RN : 240 (change phase angle)', 'YN : 240', 'BN : 240'], 'voltage_pp': ['RY : 415', 'YB : 415', 'BR : 415'], 'leds': ['PWR (GREEN LED) : ON', 'UV (RED LED) : OFF', 'OV (RED LED) : OFF', 'ASY (RED LED): Slow Blink (1s ON & 1s OFF)'], 'relay_status': 'Instant OFF', 'on_delay': None, 'off_delay': 'Instant OFF', 'section_break': False}, {'step_name': 'Phase reverse recovery', 'settings': ['UV = 22%', 'OV = 22%', 'DELAY = 0SEC'], 'voltages_pn': ['RN : 240 (recover phase angle)', 'YN : 240', 'BN : 240'], 'voltage_pp': ['RY : 415', 'YB : 415', 'BR : 415'], 'leds': ['PWR (GREEN LED) : ON', 'UV (RED LED) : OFF', 'OV (RED LED) : OFF', 'ASY (RED LED): OFF'], 'relay_status': 'Instant ON', 'on_delay': 'Instant ON', 'off_delay': None, 'section_break': False}]
2026-06-05 15:19:24,606 - INFO -   Section C/D nominal from OCR: 240.0V Ph-N
2026-06-05 15:19:24,606 - INFO -   Section A nominal detected: 120.0V Ph-N
2026-06-05 15:19:24,607 - INFO - MAG03D0424: step count = 25 (raw=28)
2026-06-05 15:19:24,607 - INFO - [EXTRACTION_RESULT] machine=MAG03D0424 variants=['MAG03D0424']
2026-06-05 15:19:24,608 - INFO - [VARIANT_SUMMARY] MAG03D0424 steps=28 flags=0 ref_voltage=None uv=None ov=None
2026-06-05 15:19:29,609 - INFO - Extracted 1 variants
2026-06-05 15:19:29,609 - INFO - Processing MAG03D0424...
2026-06-05 15:19:29,620 - INFO -   MAG03D0424: 28 steps
2026-06-05 15:19:29,620 - WARNING -   MAG03D0424: 2 spec flag(s)
2026-06-05 15:19:29,621 - WARNING -     - missing voltage_unit
2026-06-05 15:19:29,621 - WARNING -     - no voltage ranges extracted
2026-06-05 15:19:29,621 - WARNING -   MAG03D0424 step 1: ['missing valid voltages_pn']
2026-06-05 15:19:29,621 - WARNING -   MAG03D0424 step 7: ['missing valid voltages_pn']
2026-06-05 15:19:29,621 - WARNING -   MAG03D0424 step 12: ['missing valid voltages_pn']
2026-06-05 15:19:29,621 - WARNING -   MAG03D0424 step 17: ['missing valid voltages_pn']
2026-06-05 15:19:29,621 - WARNING -   MAG03D0424 step 19: ['missing valid voltages_pn']
2026-06-05 15:19:29,622 - INFO -   MAG03D0424: usable=True
2026-06-05 15:19:29,636 - INFO -   wrote MAG03D0424: layout=A
2026-06-05 15:19:29,660 - INFO -   Wrote s9_baseline_MAG03D0424.xlsx
2026-06-05 15:19:29,660 - INFO - ============================================================
2026-06-05 15:19:29,660 - INFO - Baseline run complete. Now comparing...
2026-06-05 15:19:29,660 - INFO - ============================================================
2026-06-05 15:19:29,661 - ERROR - Generated file not found: outputs\s9\s9_baseline_MAG03D0424_v3.xlsx
2026-06-05 15:19:29,661 - INFO - Files in outputs\s9:
2026-06-05 15:19:29,662 - INFO -   s9_baseline_MAG03D0424.xlsx
2026-06-05 15:24:51,031 - INFO - ============================================================
2026-06-05 15:24:51,031 - INFO - SESSION 9 BASELINE RUN — MAG03D0424
2026-06-05 15:24:51,031 - INFO - Started: 2026-06-05T15:24:51.031913
2026-06-05 15:24:51,031 - INFO - ============================================================
2026-06-05 15:24:51,031 - INFO - Loading PDF...
2026-06-05 15:24:51,031 - INFO - Extracting: WI.pdf
2026-06-05 15:24:51,031 - INFO -   format: real PDF
2026-06-05 15:25:01,223 - INFO - Loaded 62 pages
2026-06-05 15:25:01,223 - INFO - Segmenting blocks...
2026-06-05 15:25:01,223 - INFO - SCOPE detected (early): ['MAG03D0424', 'MAG03D0425', 'MAG03D0426', 'MAG03D0427', 'MAG03D0428']
2026-06-05 15:25:01,223 - INFO - Segmented into 5 blocks:
2026-06-05 15:25:01,223 - INFO -   MAG03D0424: page_range=[1, 2, 3, 4, 5, 6, 7, 8, 9, 10, 11, 12, 13, 14, 15, 16, 17, 18, 19, 20, 21, 22, 23, 24, 25, 26, 27, 28, 29, 30, 31, 32, 33, 34, 35, 36, 37, 38, 39, 40, 41, 42, 43, 44, 45, 46, 47, 48, 49, 50, 51, 52, 53, 54, 55, 56, 57, 58, 59, 60, 61, 62]
2026-06-05 15:25:01,223 - INFO -   MAG03D0425: page_range=[1, 2, 3, 4, 5, 6, 7, 8, 9, 10, 11, 12, 13, 14, 15, 16, 17, 18, 19, 20, 21, 22, 23, 24, 25, 26, 27, 28, 29, 30, 31, 32, 33, 34, 35, 36, 37, 38, 39, 40, 41, 42, 43, 44, 45, 46, 47, 48, 49, 50, 51, 52, 53, 54, 55, 56, 57, 58, 59, 60, 61, 62]
2026-06-05 15:25:01,223 - INFO -   MAG03D0426: page_range=[1, 2, 3, 4, 5, 6, 7, 8, 9, 10, 11, 12, 13, 14, 15, 16, 17, 18, 19, 20, 21, 22, 23, 24, 25, 26, 27, 28, 29, 30, 31, 32, 33, 34, 35, 36, 37, 38, 39, 40, 41, 42, 43, 44, 45, 46, 47, 48, 49, 50, 51, 52, 53, 54, 55, 56, 57, 58, 59, 60, 61, 62]
2026-06-05 15:25:01,223 - INFO -   MAG03D0427: page_range=[1, 2, 3, 4, 5, 6, 7, 8, 9, 10, 11, 12, 13, 14, 15, 16, 17, 18, 19, 20, 21, 22, 23, 24, 25, 26, 27, 28, 29, 30, 31, 32, 33, 34, 35, 36, 37, 38, 39, 40, 41, 42, 43, 44, 45, 46, 47, 48, 49, 50, 51, 52, 53, 54, 55, 56, 57, 58, 59, 60, 61, 62]
2026-06-05 15:25:01,223 - INFO -   MAG03D0428: page_range=[1, 2, 3, 4, 5, 6, 7, 8, 9, 10, 11, 12, 13, 14, 15, 16, 17, 18, 19, 20, 21, 22, 23, 24, 25, 26, 27, 28, 29, 30, 31, 32, 33, 34, 35, 36, 37, 38, 39, 40, 41, 42, 43, 44, 45, 46, 47, 48, 49, 50, 51, 52, 53, 54, 55, 56, 57, 58, 59, 60, 61, 62]
2026-06-05 15:25:01,223 - INFO - Extracting MAG03D0424...
2026-06-05 15:25:02,022 - INFO - MAG03D0424: stopping page collection at page 34 because it belongs to another variant procedure
2026-06-05 15:25:02,022 - INFO - [PAGE_CLASSIFICATION] variant=MAG03D0424 spec_pages=[2, 19, 31, 32, 33, 34, 35, 36, 46, 47, 48, 50, 51, 52, 53, 60, 61] proc_pages=[31, 32, 33]
2026-06-05 15:25:02,022 - INFO - MAG03D0424: spec_pages=4 variants=1
2026-06-05 15:25:02,022 - INFO - MAG03D0424: full table variants -> ['MAG03D0424', 'MAG03D0425', 'MAG03D0426', 'MAG03D0427', 'MAG03D0428']
2026-06-05 15:25:02,022 - INFO - MAG03D0424: mapped variants from tables -> ['MAG03D0424', 'MAG03D0425', 'MAG03D0426', 'MAG03D0427', 'MAG03D0428']
2026-06-05 15:25:02,022 - INFO - MAG03D0424: extracted 4 table grids
2026-06-05 15:25:02,022 - INFO -   vision specs chunk: 4 images, variants=['MAG03D0424']
2026-06-05 15:25:19,195 - INFO - MAG03D0424: raw spec response keys=['MAG03D0424']
2026-06-05 15:25:19,195 - INFO - MAG03D0424: raw spec payload={'MAG03D0424': {'ref_voltage': None, 'uv_range': None, 'uv_threshold_pct': None, 'ov_range': None, 'ov_threshold_pct': None, 'uv_hysteresis': None, 'ov_hysteresis': None, 'asymmetry': None, 'on_delay': None, 'off_delay': None, 'phase_fail': None, 'phase_reverse': None, 'neutral_fail': None, 'virtual_neutral': None, 'lv_cutoff': None, 'hv_cutoff': None, 'voltage_unit': None, 'led_indications': {}, 'dip_switches': [], 'notes': None}}
2026-06-05 15:25:19,195 - WARNING - MAG03D0424: specs incomplete — continuing procedure extraction
2026-06-05 15:25:19,195 - INFO -   vision procedure: MAG03D0424, 6 images
2026-06-05 15:26:42,374 - INFO - MAG03D0424: ALL extracted steps = [{'step_name': 'DIP S/W Change', 'settings': ['1 : OFF', '2 : OFF', '3 : OFF', '4 : OFF', '5 : ON'], 'voltages_pn': [], 'voltage_pp': [], 'leds': [], 'relay_status': None, 'on_delay': None, 'off_delay': None, 'section_break': True}, {'step_name': 'healthy condition', 'settings': ['UV = 8%', 'OV = 22%', 'DELAY = 3SEC'], 'voltages_pn': ['RN : 120', 'YN : 120', 'BN : 120'], 'voltage_pp': [], 'leds': ['PWR (GREEN LED) : ON', 'UV (RED LED) : OFF', 'OV (RED LED) : OFF', 'ASY (RED LED): OFF'], 'relay_status': 'ON', 'on_delay': '4-6 sec', 'off_delay': '-', 'section_break': False}, {'step_name': 'UV Healthy condition', 'settings': ['UV = 8%', 'OV = 22%', 'DELAY = 3SEC'], 'voltages_pn': ['RN : 111.6', 'YN : 120', 'BN : 120'], 'voltage_pp': [], 'leds': ['PWR (GREEN LED) : ON', 'UV (RED LED) : OFF', 'OV (RED LED) : OFF', 'ASY (RED LED): OFF'], 'relay_status': 'ON', 'on_delay': 'Continuous ON', 'off_delay': '-', 'section_break': False}, {'step_name': 'UV faulty condition with delay', 'settings': ['UV = 8%', 'OV = 22%', 'DELAY = 3SEC'], 'voltages_pn': ['RN : 109.2', 'YN : 120', 'BN : 120'], 'voltage_pp': [], 'leds': ['PWR (GREEN LED) : ON', 'UV (RED LED) : ON', 'OV (RED LED) : OFF', 'ASY (RED LED): OFF'], 'relay_status': 'OFF in 2-4 sec', 'on_delay': '-', 'off_delay': '2-4 SEC', 'section_break': False}, {'step_name': 'UV hystersis not recovery', 'settings': ['UV = 8%', 'OV = 22%', 'DELAY = 3SEC'], 'voltages_pn': ['RN : 110.4', 'YN : 120', 'BN : 120'], 'voltage_pp': [], 'leds': ['PWR (GREEN LED) : ON', 'UV (RED LED) : ON', 'OV (RED LED) : OFF', 'ASY (RED LED): OFF'], 'relay_status': 'OFF ', 'on_delay': '-', 'off_delay': 'Continuous OFF', 'section_break': False}, {'step_name': 'UV hystersis recovery', 'settings': ['UV = 8%', 'OV = 22%', 'DELAY = 3SEC'], 'voltages_pn': ['RN : 114', 'YN : 120', 'BN : 120'], 'voltage_pp': [], 'leds': ['PWR (GREEN LED) : ON', 'UV (RED LED) : OFF', 'OV (RED LED) : OFF', 'ASY (RED LED): OFF'], 'relay_status': 'ON', 'on_delay': '4-6 sec', 'off_delay': None, 'section_break': False}, {'step_name': 'Supply couple at 100 VAC', 'settings': [], 'voltages_pn': [], 'voltage_pp': [], 'leds': [], 'relay_status': None, 'on_delay': None, 'off_delay': None, 'section_break': True}, {'step_name': 'UV symmmetrical Healthy', 'settings': ['UV = 22%', 'OV = 22%', 'DELAY = 10SEC'], 'voltages_pn': ['RN : 94.8', 'YN : 94.8', 'BN : 94.8'], 'voltage_pp': [], 'leds': ['PWR (GREEN LED) : ON', 'UV (RED LED) : OFF', 'OV (RED LED) : OFF', 'ASY (RED LED): OFF'], 'relay_status': 'ON', 'on_delay': 'Continuous ON', 'off_delay': '-', 'section_break': False}, {'step_name': 'UV symmmetrical faulty', 'settings': ['UV = 22%', 'OV = 22%', 'DELAY = 10SEC'], 'voltages_pn': ['RN : 92.4', 'YN : 92.4', 'BN : 92.4'], 'voltage_pp': [], 'leds': ['PWR (GREEN LED) : ON', 'UV (RED LED) : ON', 'OV (RED LED) : OFF', 'ASY (RED LED): OFF'], 'relay_status': 'OFF in 2-4 sec', 'on_delay': '-', 'off_delay': '2-4 SEC', 'section_break': False}, {'step_name': 'UV hystersis not recovery', 'settings': ['UV = 22%', 'OV = 22%', 'DELAY = 10SEC'], 'voltages_pn': ['RN : 93.6', 'YN : 93.6', 'BN : 93.6'], 'voltage_pp': [], 'leds': ['PWR (GREEN LED) : ON', 'UV (RED LED) : ON', 'OV (RED LED) : OFF', 'ASY (RED LED): OFF'], 'relay_status': 'OFF ', 'on_delay': '-', 'off_delay': 'Continuous OFF', 'section_break': False}, {'step_name': 'UV hystersis recovery', 'settings': ['UV = 22%', 'OV = 22%', 'DELAY = 10SEC'], 'voltages_pn': ['RN : 97.2', 'YN : 97.2', 'BN : 97.2'], 'voltage_pp': [], 'leds': ['PWR (GREEN LED) : ON', 'UV (RED LED) : OFF', 'OV (RED LED) : OFF', 'ASY (RED LED): OFF'], 'relay_status': 'ON', 'on_delay': '4-6 sec', 'off_delay': None, 'section_break': False}, {'step_name': 'DIP S/W Change', 'settings': ['1 : ON', '2 : ON', '3 : ON', '4 : OFF', '5 : OFF'], 'voltages_pn': [], 'voltage_pp': [], 'leds': [], 'relay_status': None, 'on_delay': None, 'off_delay': None, 'section_break': True}, {'step_name': 'OV Healthy condition', 'settings': ['UV = 22%', 'OV = 22%', 'DELAY = 6SEC'], 'voltages_pn': ['RN : 291', 'YN : 277', 'BN : 277'], 'voltage_pp': ['RY : 504', 'YB : 480', 'BR : 480'], 'leds': ['PWR (GREEN LED) : ON', 'UV (RED LED) : OFF', 'OV (RED LED) : OFF', 'ASY (RED LED): OFF'], 'relay_status': 'ON', 'on_delay': '5-7 sec', 'off_delay': '-', 'section_break': False}, {'step_name': 'OV faulty condition', 'settings': ['UV = 22%', 'OV = 22%', 'DELAY = 6SEC'], 'voltages_pn': ['RN : 296.5', 'YN : 277', 'BN : 277'], 'voltage_pp': ['RY : 513.6', 'YB : 480', 'BR : 480'], 'leds': ['PWR (GREEN LED) : ON', 'UV (RED LED) : OFF', 'OV (RED LED) : ON', 'ASY (RED LED): OFF'], 'relay_status': 'OFF in 4-6sec', 'on_delay': '-', 'off_delay': '4-6sec', 'section_break': False}, {'step_name': 'OV hystersis not recovery', 'settings': ['UV = 22%', 'OV = 22%', 'DELAY = 6SEC'], 'voltages_pn': ['RN : 299.3', 'YN : 277', 'BN : 277'], 'voltage_pp': ['RY : 518.4', 'YB : 480', 'BR : 480'], 'leds': ['PWR (GREEN LED) : ON', 'UV (RED LED) : OFF', 'OV (RED LED) : ON', 'ASY (RED LED): OFF'], 'relay_status': 'OFF ', 'on_delay': '-', 'off_delay': 'Continuous OFF', 'section_break': False}, {'step_name': 'OV hystersis recovery', 'settings': ['UV = 22%', 'OV = 22%', 'DELAY = 6SEC'], 'voltages_pn': ['RN : 296.5', 'YN : 277', 'BN : 277'], 'voltage_pp': ['RY : 513.6', 'YB : 480', 'BR : 480'], 'leds': ['PWR (GREEN LED) : ON', 'UV (RED LED) : OFF', 'OV (RED LED) : OFF', 'ASY (RED LED): OFF'], 'relay_status': 'ON', 'on_delay': '5-7 sec', 'off_delay': None, 'section_break': True}, {'step_name': 'Run time DIP switch change error', 'settings': [], 'voltages_pn': [], 'voltage_pp': [], 'leds': [], 'relay_status': None, 'on_delay': None, 'off_delay': None, 'section_break': False}, {'step_name': 'DIP S/W Change', 'settings': ['1 : ON', '2 : OFF', '3 : ON', '4 : OFF', '5 : OFF'], 'voltages_pn': ['RN : 296.5', 'YN : 277', 'BN : 277'], 'voltage_pp': ['RY : 513.6', 'YB : 480', 'BR : 480'], 'leds': ['PWR (GREEN LED) : Fast Blink (200ms ON & 200ms OFF)', 'UV (RED LED) : Fast Blink (200ms ON & 200ms OFF)', 'OV (RED LED) : Fast Blink (200ms ON & 200ms OFF)', 'ASY (RED LED): Fast Blink (200ms ON & 200ms OFF)'], 'relay_status': 'ON', 'on_delay': '5-7 sec', 'off_delay': None, 'section_break': True}, {'step_name': 'Supply OFF change voltages as follows before supply ON', 'settings': [], 'voltages_pn': [], 'voltage_pp': [], 'leds': [], 'relay_status': None, 'on_delay': None, 'off_delay': None, 'section_break': True}, {'step_name': 'DIP S/W Change', 'settings': ['1 : OFF', '2 : OFF', '3 : OFF', '4 : OFF', '5 : OFF'], 'voltages_pn': [], 'voltage_pp': [], 'leds': [], 'relay_status': None, 'on_delay': None, 'off_delay': None, 'section_break': True}, {'step_name': 'Healthy condition', 'settings': ['UV = 22%', 'OV = 22%', 'DELAY = 0SEC'], 'voltages_pn': ['RN : 240', 'YN : 240', 'BN : 240'], 'voltage_pp': [], 'leds': ['PWR (GREEN LED) : ON', 'UV (RED LED) : OFF', 'OV (RED LED) : OFF', 'ASY (RED LED): OFF'], 'relay_status': 'ON', 'on_delay': 'Instant ON', 'off_delay': None, 'section_break': False}, {'step_name': 'Asymmetry healthy condition', 'settings': ['UV = 22%', 'OV = 22%', 'DELAY = 0SEC'], 'voltages_pn': ['RN : 240', 'YN : 240', 'BN : 220'], 'voltage_pp': [], 'leds': ['PWR (GREEN LED) : ON', 'UV (RED LED) : OFF', 'OV (RED LED) : OFF', 'ASY (RED LED): OFF'], 'relay_status': 'ON', 'on_delay': 'Continuous ON', 'off_delay': None, 'section_break': False}, {'step_name': 'Asymmetry faulty condition', 'settings': ['UV = 22%', 'OV = 22%', 'DELAY = 0SEC'], 'voltages_pn': ['RN : 240', 'YN : 240', 'BN : 219'], 'voltage_pp': [], 'leds': ['PWR (GREEN LED) : ON', 'UV (RED LED) : OFF', 'OV (RED LED) : OFF', 'ASY (RED LED): Slow Blink (1S ON & 1S OFF)'], 'relay_status': 'OFF IN 4-6 SEC', 'on_delay': None, 'off_delay': 'OFF IN 4-6 SEC', 'section_break': False}, {'step_name': 'Asymmetry not recovery', 'settings': ['UV = 22%', 'OV = 22%', 'DELAY = 0SEC'], 'voltages_pn': ['RN : 240', 'YN : 240', 'BN : 217'], 'voltage_pp': [], 'leds': ['PWR (GREEN LED) : ON', 'UV (RED LED) : OFF', 'OV (RED LED) : OFF', 'ASY (RED LED): Slow Blink (1S ON & 1S OFF)'], 'relay_status': 'OFF', 'on_delay': None, 'off_delay': 'Continuous OFF', 'section_break': False}, {'step_name': 'Asymmetry recovery', 'settings': ['UV = 22%', 'OV = 22%', 'DELAY = 0SEC'], 'voltages_pn': ['RN : 240', 'YN : 240', 'BN : 221'], 'voltage_pp': [], 'leds': ['PWR (GREEN LED) : ON', 'UV (RED LED) : OFF', 'OV (RED LED) : OFF', 'ASY (RED LED): OFF'], 'relay_status': 'ON', 'on_delay': 'Instant ON', 'off_delay': None, 'section_break': True}, {'step_name': 'DIP S/W Change', 'settings': ['1 : OFF', '2 : OFF', '3 : OFF', '4 : OFF', '5 : OFF'], 'voltages_pn': [], 'voltage_pp': [], 'leds': [], 'relay_status': None, 'on_delay': None, 'off_delay': None, 'section_break': True}, {'step_name': 'Phase fail', 'settings': ['UV = 22%', 'OV = 22%', 'DELAY = 0SEC'], 'voltages_pn': ['RN : 0', 'YN : 240', 'BN : 240'], 'voltage_pp': [], 'leds': ['PWR (GREEN LED) : Slow Blink (1S ON & 1S OFF)', 'UV (RED LED) : ON', 'OV (RED LED) : OFF', 'ASY (RED LED): OFF'], 'relay_status': 'Instant OFF', 'on_delay': None, 'off_delay': 'Instant OFF', 'section_break': False}, {'step_name': 'Phase recovery', 'settings': ['UV = 22%', 'OV = 22%', 'DELAY = 0SEC'], 'voltages_pn': ['RN : 240', 'YN : 240', 'BN : 240'], 'voltage_pp': [], 'leds': ['PWR (GREEN LED) : ON', 'UV (RED LED) : OFF', 'OV (RED LED) : OFF', 'ASY (RED LED): OFF'], 'relay_status': 'Instant ON', 'on_delay': 'Instant ON', 'off_delay': None, 'section_break': True}, {'step_name': 'Phase reverse', 'settings': ['UV = 22%', 'OV = 22%', 'DELAY = 0SEC'], 'voltages_pn': ['RN : 240', 'YN : 240', 'BN : 240', '(change phase angle)'], 'voltage_pp': [], 'leds': ['PWR (GREEN LED) : ON', 'UV (RED LED) : OFF', 'OV (RED LED) : OFF', 'ASY (RED LED): ON'], 'relay_status': 'Instant OFF', 'on_delay': None, 'off_delay': 'Instant OFF', 'section_break': False}, {'step_name': 'Phase reverse recovery', 'settings': ['UV = 22%', 'OV = 22%', 'DELAY = 0SEC'], 'voltages_pn': ['RN : 240', 'YN : 240', 'BN : 240', '(recover phase angle)'], 'voltage_pp': [], 'leds': ['PWR (GREEN LED) : ON', 'UV (RED LED) : OFF', 'OV (RED LED) : OFF', 'ASY (RED LED): OFF'], 'relay_status': 'Instant ON', 'on_delay': 'Instant ON', 'off_delay': None, 'section_break': False}]
2026-06-05 15:26:42,374 - INFO -   Section C/D nominal from OCR: 240.0V Ph-N
2026-06-05 15:26:42,386 - INFO -   Section A nominal detected: 120.0V Ph-N
2026-06-05 15:26:42,387 - INFO -   skipping spurious post-SupplyOFF step: DIP S/W Change
2026-06-05 15:26:42,387 - INFO -   skipping spurious post-SupplyOFF step: DIP S/W Change
2026-06-05 15:26:42,387 - INFO - MAG03D0424: step count = 25 (raw=28)
2026-06-05 15:26:42,387 - INFO - [EXTRACTION_RESULT] machine=MAG03D0424 variants=['MAG03D0424']
2026-06-05 15:26:42,387 - INFO - [VARIANT_SUMMARY] MAG03D0424 steps=28 flags=0 ref_voltage=None uv=None ov=None
2026-06-05 15:26:47,390 - INFO - Extracted 1 variants
2026-06-05 15:26:47,390 - INFO - Processing MAG03D0424...
2026-06-05 15:26:47,402 - INFO -   MAG03D0424: 28 steps
2026-06-05 15:26:47,402 - WARNING -   MAG03D0424: 2 spec flag(s)
2026-06-05 15:26:47,402 - WARNING -     - missing voltage_unit
2026-06-05 15:26:47,402 - WARNING -     - no voltage ranges extracted
2026-06-05 15:26:47,402 - WARNING -   MAG03D0424 step 1: ['missing valid voltages_pn']
2026-06-05 15:26:47,403 - WARNING -   MAG03D0424 step 7: ['missing valid voltages_pn']
2026-06-05 15:26:47,403 - WARNING -   MAG03D0424 step 12: ['missing valid voltages_pn']
2026-06-05 15:26:47,403 - WARNING -   MAG03D0424 step 17: ['missing valid voltages_pn']
2026-06-05 15:26:47,403 - WARNING -   MAG03D0424 step 19: ['missing valid voltages_pn']
2026-06-05 15:26:47,403 - INFO -   MAG03D0424: usable=True
2026-06-05 15:26:47,422 - INFO -   wrote MAG03D0424: layout=A
2026-06-05 15:26:47,465 - INFO -   Wrote s9_baseline_MAG03D0424.xlsx
2026-06-05 15:26:47,467 - INFO - ============================================================
2026-06-05 15:26:47,467 - INFO - Baseline run complete. Now comparing...
2026-06-05 15:26:47,467 - INFO - ============================================================
2026-06-05 15:26:47,467 - ERROR - Generated file not found: outputs\s9\s9_baseline_MAG03D0424_v3.xlsx
2026-06-05 15:26:47,467 - INFO - Files in outputs\s9:
2026-06-05 15:26:47,468 - INFO -   s9_baseline_MAG03D0424.xlsx
2026-06-05 15:27:36,830 - INFO - ============================================================
2026-06-05 15:27:36,830 - INFO - SESSION 9 BASELINE RUN — MAG03D0424
2026-06-05 15:27:36,830 - INFO - Started: 2026-06-05T15:27:36.830999
2026-06-05 15:27:36,830 - INFO - ============================================================
2026-06-05 15:27:36,830 - INFO - Loading PDF...
2026-06-05 15:27:36,830 - INFO - Extracting: WI.pdf
2026-06-05 15:27:36,830 - INFO -   format: real PDF
2026-06-05 15:27:48,886 - INFO - Loaded 62 pages
2026-06-05 15:27:48,886 - INFO - Segmenting blocks...
2026-06-05 15:27:48,887 - INFO - SCOPE detected (early): ['MAG03D0424', 'MAG03D0425', 'MAG03D0426', 'MAG03D0427', 'MAG03D0428']
2026-06-05 15:27:48,887 - INFO - Segmented into 5 blocks:
2026-06-05 15:27:48,887 - INFO -   MAG03D0424: page_range=[1, 2, 3, 4, 5, 6, 7, 8, 9, 10, 11, 12, 13, 14, 15, 16, 17, 18, 19, 20, 21, 22, 23, 24, 25, 26, 27, 28, 29, 30, 31, 32, 33, 34, 35, 36, 37, 38, 39, 40, 41, 42, 43, 44, 45, 46, 47, 48, 49, 50, 51, 52, 53, 54, 55, 56, 57, 58, 59, 60, 61, 62]
2026-06-05 15:27:48,887 - INFO -   MAG03D0425: page_range=[1, 2, 3, 4, 5, 6, 7, 8, 9, 10, 11, 12, 13, 14, 15, 16, 17, 18, 19, 20, 21, 22, 23, 24, 25, 26, 27, 28, 29, 30, 31, 32, 33, 34, 35, 36, 37, 38, 39, 40, 41, 42, 43, 44, 45, 46, 47, 48, 49, 50, 51, 52, 53, 54, 55, 56, 57, 58, 59, 60, 61, 62]
2026-06-05 15:27:48,887 - INFO -   MAG03D0426: page_range=[1, 2, 3, 4, 5, 6, 7, 8, 9, 10, 11, 12, 13, 14, 15, 16, 17, 18, 19, 20, 21, 22, 23, 24, 25, 26, 27, 28, 29, 30, 31, 32, 33, 34, 35, 36, 37, 38, 39, 40, 41, 42, 43, 44, 45, 46, 47, 48, 49, 50, 51, 52, 53, 54, 55, 56, 57, 58, 59, 60, 61, 62]
2026-06-05 15:27:48,887 - INFO -   MAG03D0427: page_range=[1, 2, 3, 4, 5, 6, 7, 8, 9, 10, 11, 12, 13, 14, 15, 16, 17, 18, 19, 20, 21, 22, 23, 24, 25, 26, 27, 28, 29, 30, 31, 32, 33, 34, 35, 36, 37, 38, 39, 40, 41, 42, 43, 44, 45, 46, 47, 48, 49, 50, 51, 52, 53, 54, 55, 56, 57, 58, 59, 60, 61, 62]
2026-06-05 15:27:48,887 - INFO -   MAG03D0428: page_range=[1, 2, 3, 4, 5, 6, 7, 8, 9, 10, 11, 12, 13, 14, 15, 16, 17, 18, 19, 20, 21, 22, 23, 24, 25, 26, 27, 28, 29, 30, 31, 32, 33, 34, 35, 36, 37, 38, 39, 40, 41, 42, 43, 44, 45, 46, 47, 48, 49, 50, 51, 52, 53, 54, 55, 56, 57, 58, 59, 60, 61, 62]
2026-06-05 15:27:48,887 - INFO - Extracting MAG03D0424...
2026-06-05 15:27:49,846 - INFO - MAG03D0424: stopping page collection at page 34 because it belongs to another variant procedure
2026-06-05 15:27:49,846 - INFO - [PAGE_CLASSIFICATION] variant=MAG03D0424 spec_pages=[2, 19, 31, 32, 33, 34, 35, 36, 46, 47, 48, 50, 51, 52, 53, 60, 61] proc_pages=[31, 32, 33]
2026-06-05 15:27:49,846 - INFO - MAG03D0424: spec_pages=4 variants=1
2026-06-05 15:27:49,849 - INFO - MAG03D0424: full table variants -> ['MAG03D0424', 'MAG03D0425', 'MAG03D0426', 'MAG03D0427', 'MAG03D0428']
2026-06-05 15:27:49,849 - INFO - MAG03D0424: mapped variants from tables -> ['MAG03D0424', 'MAG03D0425', 'MAG03D0426', 'MAG03D0427', 'MAG03D0428']
2026-06-05 15:27:49,849 - INFO - MAG03D0424: extracted 4 table grids
2026-06-05 15:27:49,849 - INFO -   vision specs chunk: 4 images, variants=['MAG03D0424']
2026-06-05 15:27:58,420 - INFO - MAG03D0424: raw spec response keys=['MAG03D0424']
2026-06-05 15:27:58,420 - INFO - MAG03D0424: raw spec payload={'MAG03D0424': {'ref_voltage': None, 'uv_range': None, 'uv_threshold_pct': None, 'ov_range': None, 'ov_threshold_pct': None, 'uv_hysteresis': None, 'ov_hysteresis': None, 'asymmetry': None, 'on_delay': None, 'off_delay': None, 'phase_fail': None, 'phase_reverse': None, 'neutral_fail': None, 'virtual_neutral': None, 'lv_cutoff': None, 'hv_cutoff': None, 'voltage_unit': None, 'led_indications': {}, 'dip_switches': [], 'notes': None}}
2026-06-05 15:27:58,420 - WARNING - MAG03D0424: specs incomplete — continuing procedure extraction
2026-06-05 15:27:58,420 - INFO -   vision procedure: MAG03D0424, 6 images
2026-06-05 15:29:04,758 - INFO - MAG03D0424: ALL extracted steps = [{'step_name': 'DIP S/W Change', 'settings': ['1 : OFF', '2 : OFF', '3 : OFF', '4 : OFF', '5 : ON'], 'voltages_pn': [], 'voltage_pp': [], 'leds': [], 'relay_status': None, 'on_delay': None, 'off_delay': None, 'section_break': True}, {'step_name': 'healthy condition', 'settings': ['UV = 8%', 'OV = 22%', 'DELAY = 3SEC'], 'voltages_pn': ['RN : 120', 'YN : 120', 'BN : 120'], 'voltage_pp': [], 'leds': ['PWR (GREEN LED) : ON', 'UV (RED LED) : OFF', 'OV (RED LED) : OFF', 'ASY (RED LED): OFF'], 'relay_status': 'ON', 'on_delay': '4-6 sec', 'off_delay': '-', 'section_break': False}, {'step_name': 'UV Healthy condition', 'settings': ['UV = 8%', 'OV = 22%', 'DELAY = 3SEC'], 'voltages_pn': ['RN : 111.6', 'YN : 120', 'BN : 120'], 'voltage_pp': [], 'leds': ['PWR (GREEN LED) : ON', 'UV (RED LED) : OFF', 'OV (RED LED) : OFF', 'ASY (RED LED): OFF'], 'relay_status': 'ON', 'on_delay': 'Continuous ON', 'off_delay': '-', 'section_break': False}, {'step_name': 'UV faulty condition with delay', 'settings': ['UV = 8%', 'OV = 22%', 'DELAY = 3SEC'], 'voltages_pn': ['RN : 109.2', 'YN : 120', 'BN : 120'], 'voltage_pp': [], 'leds': ['PWR (GREEN LED) : ON', 'UV (RED LED) : ON', 'OV (RED LED) : OFF', 'ASY (RED LED): OFF'], 'relay_status': 'OFF', 'on_delay': '-', 'off_delay': '2-4 sec', 'section_break': False}, {'step_name': 'UV hystersis not recovery', 'settings': ['UV = 8%', 'OV = 22%', 'DELAY = 3SEC'], 'voltages_pn': ['RN : 110.4', 'YN : 120', 'BN : 120'], 'voltage_pp': [], 'leds': ['PWR (GREEN LED) : ON', 'UV (RED LED) : ON', 'OV (RED LED) : OFF', 'ASY (RED LED): OFF'], 'relay_status': 'OFF ', 'on_delay': '-', 'off_delay': 'Continuous OFF', 'section_break': False}, {'step_name': 'UV hystersis recovery', 'settings': ['UV = 8%', 'OV = 22%', 'DELAY = 3SEC'], 'voltages_pn': ['RN : 114.0', 'YN : 120', 'BN : 120'], 'voltage_pp': [], 'leds': ['PWR (GREEN LED) : ON', 'UV (RED LED) : OFF', 'OV (RED LED) : OFF', 'ASY (RED LED): OFF'], 'relay_status': 'ON', 'on_delay': '4-6 sec', 'off_delay': None, 'section_break': False}, {'step_name': 'Supply couple at 100 VAC', 'settings': [], 'voltages_pn': [], 'voltage_pp': [], 'leds': [], 'relay_status': None, 'on_delay': None, 'off_delay': None, 'section_break': True}, {'step_name': 'UV symmmetrical Healthy', 'settings': ['UV = 22%', 'OV = 22%', 'DELAY = 15SEC'], 'voltages_pn': ['RN : 94.8', 'YN : 94.8', 'BN : 94.8'], 'voltage_pp': [], 'leds': ['PWR (GREEN LED) : ON', 'UV (RED LED) : OFF', 'OV (RED LED) : OFF', 'ASY (RED LED): OFF'], 'relay_status': 'ON', 'on_delay': '14-16 sec', 'off_delay': '-', 'section_break': False}, {'step_name': 'UV symmmetrical faulty', 'settings': ['UV = 22%', 'OV = 22%', 'DELAY = 15SEC'], 'voltages_pn': ['RN : 92.4', 'YN : 92.4', 'BN : 92.4'], 'voltage_pp': [], 'leds': ['PWR (GREEN LED) : ON', 'UV (RED LED) : ON', 'OV (RED LED) : OFF', 'ASY (RED LED): OFF'], 'relay_status': 'OFF', 'on_delay': '-', 'off_delay': '14-16 sec', 'section_break': False}, {'step_name': 'UV hystersis not recovery', 'settings': ['UV = 22%', 'OV = 22%', 'DELAY = 15SEC'], 'voltages_pn': ['RN : 93.6', 'YN : 93.6', 'BN : 93.6'], 'voltage_pp': [], 'leds': ['PWR (GREEN LED) : ON', 'UV (RED LED) : ON', 'OV (RED LED) : OFF', 'ASY (RED LED): OFF'], 'relay_status': 'OFF ', 'on_delay': '-', 'off_delay': 'Continuous OFF', 'section_break': False}, {'step_name': 'UV hystersis recovery', 'settings': ['UV = 22%', 'OV = 22%', 'DELAY = 15SEC'], 'voltages_pn': ['RN : 97.2', 'YN : 97.2', 'BN : 97.2'], 'voltage_pp': [], 'leds': ['PWR (GREEN LED) : ON', 'UV (RED LED) : OFF', 'OV (RED LED) : OFF', 'ASY (RED LED): OFF'], 'relay_status': 'ON', 'on_delay': '14-16 sec', 'off_delay': None, 'section_break': False}, {'step_name': 'DIP S/W Change', 'settings': ['1 : ON', '2 : ON', '3 : ON', '4 : ON', '5 : OFF'], 'voltages_pn': [], 'voltage_pp': [], 'leds': [], 'relay_status': None, 'on_delay': None, 'off_delay': None, 'section_break': True}, {'step_name': 'OV Healthy condition', 'settings': ['UV = 22%', 'OV = 22%', 'DELAY = 6SEC'], 'voltages_pn': ['RN : 275.8', 'YN : 277', 'BN : 277'], 'voltage_pp': ['RY : 480', 'YB : 480', 'BR : 480'], 'leds': ['PWR (GREEN LED) : ON', 'UV (RED LED) : OFF', 'OV (RED LED) : OFF', 'ASY (RED LED): OFF'], 'relay_status': 'ON', 'on_delay': '5-7 sec', 'off_delay': '-', 'section_break': False}, {'step_name': 'OV faulty condition', 'settings': ['UV = 22%', 'OV = 22%', 'DELAY = 6SEC'], 'voltages_pn': ['RN : 291.9', 'YN : 277', 'BN : 277'], 'voltage_pp': ['RY : 480', 'YB : 480', 'BR : 480'], 'leds': ['PWR (GREEN LED) : ON', 'UV (RED LED) : OFF', 'OV (RED LED) : ON', 'ASY (RED LED): OFF'], 'relay_status': 'OFF', 'on_delay': '-', 'off_delay': '4-6sec', 'section_break': False}, {'step_name': 'OV hystersis not recovery', 'settings': ['UV = 22%', 'OV = 22%', 'DELAY = 6SEC'], 'voltages_pn': ['RN : 275.8', 'YN : 277', 'BN : 277'], 'voltage_pp': ['RY : 480', 'YB : 480', 'BR : 480'], 'leds': ['PWR (GREEN LED) : ON', 'UV (RED LED) : OFF', 'OV (RED LED) : ON', 'ASY (RED LED): OFF'], 'relay_status': 'OFF ', 'on_delay': '-', 'off_delay': 'Continuous OFF', 'section_break': False}, {'step_name': 'OV hystersis recovery', 'settings': ['UV = 22%', 'OV = 22%', 'DELAY = 6SEC'], 'voltages_pn': ['RN : 285.4', 'YN : 277', 'BN : 277'], 'voltage_pp': ['RY : 480', 'YB : 480', 'BR : 480'], 'leds': ['PWR (GREEN LED) : ON', 'UV (RED LED) : OFF', 'OV (RED LED) : OFF', 'ASY (RED LED): OFF'], 'relay_status': 'ON', 'on_delay': '5-7 sec', 'off_delay': None, 'section_break': True}, {'step_name': 'Run time DIP switch change error', 'settings': [], 'voltages_pn': [], 'voltage_pp': [], 'leds': [], 'relay_status': None, 'on_delay': None, 'off_delay': None, 'section_break': False}, {'step_name': 'DIP S/W Change', 'settings': ['1 : ON', '2 : ON', '3 : OFF', '4 : ON', '5 : OFF'], 'voltages_pn': ['RN : 285.4', 'YN : 277', 'BN : 277'], 'voltage_pp': ['RY : 480', 'YB : 480', 'BR : 480'], 'leds': ['PWR (GREEN LED) : ON', 'UV (RED LED) : OFF', 'OV (RED LED) : OFF', 'ASY (RED LED): OFF'], 'relay_status': 'ON', 'on_delay': '5-7 sec', 'off_delay': None, 'section_break': True}, {'step_name': 'Supply OFF change voltages as follows before supply ON', 'settings': [], 'voltages_pn': [], 'voltage_pp': [], 'leds': [], 'relay_status': None, 'on_delay': None, 'off_delay': None, 'section_break': True}, {'step_name': 'Healthy condition', 'settings': ['UV = 22%', 'OV = 22%', 'DELAY = 0SEC'], 'voltages_pn': ['RN : 138.5', 'YN : 138.5', 'BN : 138.5'], 'voltage_pp': ['RY : 240', 'YB : 240', 'BR : 240'], 'leds': ['PWR (GREEN LED) : ON', 'UV (RED LED) : OFF', 'OV (RED LED) : OFF', 'ASY (RED LED): OFF'], 'relay_status': 'ON', 'on_delay': 'Instant ON', 'off_delay': None, 'section_break': False}, {'step_name': 'Asymmetry healthy condition', 'settings': ['UV = 22%', 'OV = 22%', 'DELAY = 0SEC'], 'voltages_pn': ['RN : 138.5', 'YN : 138.5', 'BN : 124.65'], 'voltage_pp': ['RY : 240', 'YB : 240', 'BR : 240'], 'leds': ['PWR (GREEN LED) : ON', 'UV (RED LED) : OFF', 'OV (RED LED) : OFF', 'ASY (RED LED): OFF'], 'relay_status': 'ON', 'on_delay': 'Continuous ON', 'off_delay': None, 'section_break': False}, {'step_name': 'Asymmetry faulty condition', 'settings': ['UV = 22%', 'OV = 22%', 'DELAY = 0SEC'], 'voltages_pn': ['RN : 138.5', 'YN : 138.5', 'BN : 127.02'], 'voltage_pp': ['RY : 240', 'YB : 240', 'BR : 240'], 'leds': ['PWR (GREEN LED) : ON', 'UV (RED LED) : OFF', 'OV (RED LED) : OFF', 'ASY (RED LED): ON'], 'relay_status': 'OFF', 'on_delay': None, 'off_delay': 'OFF IN 4-6 SEC', 'section_break': False}, {'step_name': 'Asymmetry not recovery', 'settings': ['UV = 22%', 'OV = 22%', 'DELAY = 0SEC'], 'voltages_pn': ['RN : 138.5', 'YN : 138.5', 'BN : 126.03'], 'voltage_pp': ['RY : 240', 'YB : 240', 'BR : 240'], 'leds': ['PWR (GREEN LED) : ON', 'UV (RED LED) : OFF', 'OV (RED LED) : OFF', 'ASY (RED LED): ON'], 'relay_status': 'OFF', 'on_delay': None, 'off_delay': 'Continuous OFF', 'section_break': False}, {'step_name': 'Asymmetry recovery', 'settings': ['UV = 22%', 'OV = 22%', 'DELAY = 0SEC'], 'voltages_pn': ['RN : 138.5', 'YN : 138.5', 'BN : 129.77'], 'voltage_pp': ['RY : 240', 'YB : 240', 'BR : 240'], 'leds': ['PWR (GREEN LED) : ON', 'UV (RED LED) : OFF', 'OV (RED LED) : OFF', 'ASY (RED LED): OFF'], 'relay_status': 'ON', 'on_delay': 'Instant ON', 'off_delay': None, 'section_break': True}, {'step_name': 'Phase fail', 'settings': ['UV = 22%', 'OV = 22%', 'DELAY = 0SEC'], 'voltages_pn': ['RN : 138.5', 'YN : 138.5', 'BN : 0'], 'voltage_pp': ['RY : 240', 'YB : 240', 'BR : 240'], 'leds': ['PWR (GREEN LED) : BLINKING (Slow)', 'UV (RED LED) : ON', 'OV (RED LED) : OFF', 'ASY (RED LED): BLINKING (Fast)'], 'relay_status': 'Instant OFF', 'on_delay': None, 'off_delay': 'Instant OFF', 'section_break': False}, {'step_name': 'Phase recovery', 'settings': ['UV = 22%', 'OV = 22%', 'DELAY = 0SEC'], 'voltages_pn': ['RN : 138.5', 'YN : 138.5', 'BN : 138.5'], 'voltage_pp': ['RY : 240', 'YB : 240', 'BR : 240'], 'leds': ['PWR (GREEN LED) : ON', 'UV (RED LED) : OFF', 'OV (RED LED) : OFF', 'ASY (RED LED): OFF'], 'relay_status': 'Instant ON', 'on_delay': 'Instant ON', 'off_delay': None, 'section_break': True}, {'step_name': 'Phase reverse', 'settings': ['UV = 22%', 'OV = 22%', 'DELAY = 0SEC'], 'voltages_pn': ['RN : 138.5', 'YN : 138.5', 'BN : 138.5', '(change phase angle)'], 'voltage_pp': ['RY : 240', 'YB : 240', 'BR : 240'], 'leds': ['PWR (GREEN LED) : ON', 'UV (RED LED) : OFF', 'OV (RED LED) : OFF', 'ASY (RED LED): ON'], 'relay_status': 'Instant OFF', 'on_delay': None, 'off_delay': 'Instant OFF', 'section_break': False}, {'step_name': 'Phase reverse recovery', 'settings': ['UV = 22%', 'OV = 22%', 'DELAY = 0SEC'], 'voltages_pn': ['RN : 138.5', 'YN : 138.5', 'BN : 138.5', '(recover phase angle)'], 'voltage_pp': ['RY : 240', 'YB : 240', 'BR : 240'], 'leds': ['PWR (GREEN LED) : ON', 'UV (RED LED) : OFF', 'OV (RED LED) : OFF', 'ASY (RED LED): OFF'], 'relay_status': 'Instant ON', 'on_delay': 'Instant ON', 'off_delay': None, 'section_break': False}]
2026-06-05 15:29:04,768 - INFO -   Section C/D nominal from OCR: 240.0V Ph-N
2026-06-05 15:29:04,773 - INFO -   Section A nominal detected: 120.0V Ph-N
2026-06-05 15:29:04,773 - INFO -   Section C/D voltage fix: Healthy condition -> 240V Ph-N (was 138.5V)
2026-06-05 15:29:04,773 - INFO -   Section C/D asymmetry fix: Asymmetry healthy condition scaled by 1.74 (base was 138V)
2026-06-05 15:29:04,773 - INFO -   Section C/D asymmetry fix: Asymmetry faulty condition scaled by 1.74 (base was 138V)
2026-06-05 15:29:04,773 - INFO -   Section C/D asymmetry fix: Asymmetry not recovery scaled by 1.74 (base was 138V)
2026-06-05 15:29:04,773 - INFO -   Section C/D asymmetry fix: Asymmetry recovery scaled by 1.74 (base was 138V)
2026-06-05 15:29:04,773 - INFO -   Section C/D asymmetry fix: Phase fail scaled by 1.74 (base was 138V)
2026-06-05 15:29:04,773 - INFO -   Section C/D voltage fix: Phase recovery -> 240V Ph-N (was 138.5V)
2026-06-05 15:29:04,773 - INFO -   Section C/D voltage fix: Phase reverse -> 240V Ph-N (was 138.5V)
2026-06-05 15:29:04,773 - INFO -   Section C/D voltage fix: Phase reverse recovery -> 240V Ph-N (was 138.5V)
2026-06-05 15:29:04,773 - INFO - MAG03D0424: step count = 25 (raw=28)
2026-06-05 15:29:04,773 - INFO - [EXTRACTION_RESULT] machine=MAG03D0424 variants=['MAG03D0424']
2026-06-05 15:29:04,773 - INFO - [VARIANT_SUMMARY] MAG03D0424 steps=28 flags=0 ref_voltage=None uv=None ov=None
2026-06-05 15:29:09,780 - INFO - Extracted 1 variants
2026-06-05 15:29:09,780 - INFO - Processing MAG03D0424...
2026-06-05 15:29:09,793 - INFO -   MAG03D0424: 28 steps
2026-06-05 15:29:09,794 - WARNING -   MAG03D0424: 2 spec flag(s)
2026-06-05 15:29:09,794 - WARNING -     - missing voltage_unit
2026-06-05 15:29:09,795 - WARNING -     - no voltage ranges extracted
2026-06-05 15:29:09,795 - WARNING -   MAG03D0424 step 1: ['missing valid voltages_pn']
2026-06-05 15:29:09,795 - WARNING -   MAG03D0424 step 7: ['missing valid voltages_pn']
2026-06-05 15:29:09,796 - WARNING -   MAG03D0424 step 12: ['missing valid voltages_pn']
2026-06-05 15:29:09,796 - WARNING -   MAG03D0424 step 17: ['missing valid voltages_pn']
2026-06-05 15:29:09,796 - WARNING -   MAG03D0424 step 19: ['missing valid voltages_pn']
2026-06-05 15:29:09,797 - INFO -   MAG03D0424: usable=True
2026-06-05 15:29:09,828 - INFO -   wrote MAG03D0424: layout=A
2026-06-05 15:29:09,880 - INFO -   Wrote s9_baseline_MAG03D0424.xlsx
2026-06-05 15:29:09,880 - INFO - ============================================================
2026-06-05 15:29:09,880 - INFO - Baseline run complete. Now comparing...
2026-06-05 15:29:09,880 - INFO - ============================================================
2026-06-05 15:29:09,882 - ERROR - Generated file not found: outputs\s9\s9_baseline_MAG03D0424_v3.xlsx
2026-06-05 15:29:09,882 - INFO - Files in outputs\s9:
2026-06-05 15:29:09,883 - INFO -   s9_baseline_MAG03D0424.xlsx
